Component: ARM Compiler 5.06 update 6 (build 750) Tool: armlink [4d35ed]

==============================================================================

Section Cross References

    startup_stm32f103xb.o(STACK) refers (Special) to heapauxi.o(.text) for __use_two_region_memory
    startup_stm32f103xb.o(HEAP) refers (Special) to heapauxi.o(.text) for __use_two_region_memory
    startup_stm32f103xb.o(RESET) refers (Special) to heapauxi.o(.text) for __use_two_region_memory
    startup_stm32f103xb.o(RESET) refers to startup_stm32f103xb.o(STACK) for __initial_sp
    startup_stm32f103xb.o(RESET) refers to startup_stm32f103xb.o(.text) for Reset_Handler
    startup_stm32f103xb.o(RESET) refers to stm32f1xx_it.o(i.NMI_Handler) for NMI_Handler
    startup_stm32f103xb.o(RESET) refers to stm32f1xx_it.o(i.HardFault_Handler) for HardFault_Handler
    startup_stm32f103xb.o(RESET) refers to stm32f1xx_it.o(i.MemManage_Handler) for MemManage_Handler
    startup_stm32f103xb.o(RESET) refers to stm32f1xx_it.o(i.BusFault_Handler) for BusFault_Handler
    startup_stm32f103xb.o(RESET) refers to stm32f1xx_it.o(i.UsageFault_Handler) for UsageFault_Handler
    startup_stm32f103xb.o(RESET) refers to stm32f1xx_it.o(i.SVC_Handler) for SVC_Handler
    startup_stm32f103xb.o(RESET) refers to stm32f1xx_it.o(i.DebugMon_Handler) for DebugMon_Handler
    startup_stm32f103xb.o(RESET) refers to stm32f1xx_it.o(i.PendSV_Handler) for PendSV_Handler
    startup_stm32f103xb.o(RESET) refers to stm32f1xx_it.o(i.SysTick_Handler) for SysTick_Handler
    startup_stm32f103xb.o(RESET) refers to stm32f1xx_it.o(i.DMA1_Channel1_IRQHandler) for DMA1_Channel1_IRQHandler
    startup_stm32f103xb.o(RESET) refers to stm32f1xx_it.o(i.TIM2_IRQHandler) for TIM2_IRQHandler
    startup_stm32f103xb.o(RESET) refers to stm32f1xx_it.o(i.USART3_IRQHandler) for USART3_IRQHandler
    startup_stm32f103xb.o(.text) refers (Special) to heapauxi.o(.text) for __use_two_region_memory
    startup_stm32f103xb.o(.text) refers to system_stm32f1xx.o(i.SystemInit) for SystemInit
    startup_stm32f103xb.o(.text) refers to __main.o(!!!main) for __main
    startup_stm32f103xb.o(.text) refers to startup_stm32f103xb.o(HEAP) for Heap_Mem
    startup_stm32f103xb.o(.text) refers to startup_stm32f103xb.o(STACK) for Stack_Mem
    lcd_16x2.o(i.Lcd_Init) refers to lcd_16x2.o(i.Lcd_configure) for Lcd_configure
    lcd_16x2.o(i.Lcd_Init) refers to lcd_16x2.o(i.lcd_write_command) for lcd_write_command
    lcd_16x2.o(i.Lcd_clear_display) refers to lcd_16x2.o(i.lcd_write_command) for lcd_write_command
    lcd_16x2.o(i.Lcd_clear_xy) refers to lcd_16x2.o(i.Lcd_gotoxy) for Lcd_gotoxy
    lcd_16x2.o(i.Lcd_clear_xy) refers to lcd_16x2.o(i.lcd_write_data) for lcd_write_data
    lcd_16x2.o(i.Lcd_configure) refers to stm32f1xx_hal_gpio.o(i.HAL_GPIO_Init) for HAL_GPIO_Init
    lcd_16x2.o(i.Lcd_configure) refers to stm32f1xx_hal_gpio.o(i.HAL_GPIO_WritePin) for HAL_GPIO_WritePin
    lcd_16x2.o(i.Lcd_create_custom_char) refers to lcd_16x2.o(i.lcd_write_command) for lcd_write_command
    lcd_16x2.o(i.Lcd_create_custom_char) refers to lcd_16x2.o(i.lcd_write_data) for lcd_write_data
    lcd_16x2.o(i.Lcd_gotoxy) refers to lcd_16x2.o(i.lcd_write_command) for lcd_write_command
    lcd_16x2.o(i.Lcd_write_custom_char) refers to lcd_16x2.o(i.Lcd_gotoxy) for Lcd_gotoxy
    lcd_16x2.o(i.Lcd_write_custom_char) refers to lcd_16x2.o(i.lcd_write_data) for lcd_write_data
    lcd_16x2.o(i.Lcd_write_int) refers to _printf_percent.o(.ARM.Collect$$_printf_percent$$00000000) for _printf_percent
    lcd_16x2.o(i.Lcd_write_int) refers to _printf_d.o(.ARM.Collect$$_printf_percent$$00000009) for _printf_d
    lcd_16x2.o(i.Lcd_write_int) refers to _printf_dec.o(.text) for _printf_int_dec
    lcd_16x2.o(i.Lcd_write_int) refers to noretval__2sprintf.o(.text) for __2sprintf
    lcd_16x2.o(i.Lcd_write_int) refers to lcd_16x2.o(i.Lcd_write_string) for Lcd_write_string
    lcd_16x2.o(i.Lcd_write_string) refers to lcd_16x2.o(i.lcd_write_data) for lcd_write_data
    lcd_16x2.o(i.Lcd_write_string) refers to strlen.o(.text) for strlen
    lcd_16x2.o(i.lcd_write) refers to stm32f1xx_hal_gpio.o(i.HAL_GPIO_WritePin) for HAL_GPIO_WritePin
    lcd_16x2.o(i.lcd_write) refers to stm32f1xx_hal.o(i.HAL_Delay) for HAL_Delay
    lcd_16x2.o(i.lcd_write) refers to lcd_16x2.o(.data) for .data
    lcd_16x2.o(i.lcd_write_command) refers to stm32f1xx_hal_gpio.o(i.HAL_GPIO_WritePin) for HAL_GPIO_WritePin
    lcd_16x2.o(i.lcd_write_command) refers to lcd_16x2.o(i.lcd_write) for lcd_write
    lcd_16x2.o(i.lcd_write_data) refers to stm32f1xx_hal_gpio.o(i.HAL_GPIO_WritePin) for HAL_GPIO_WritePin
    lcd_16x2.o(i.lcd_write_data) refers to lcd_16x2.o(i.lcd_write) for lcd_write
    keypad.o(i.KEYPAD4X4_Init) refers to stm32f1xx_hal_gpio.o(i.HAL_GPIO_WritePin) for HAL_GPIO_WritePin
    keypad.o(i.KEYPAD4X4_Readkey) refers to stm32f1xx_hal_gpio.o(i.HAL_GPIO_WritePin) for HAL_GPIO_WritePin
[...]
    CL$$btod_e2e                             0x08001106   Section      220  btod.o(CL$$btod_e2e)
    CL$$btod_ediv                            0x080011e2   Section       42  btod.o(CL$$btod_ediv)
    CL$$btod_emul                            0x0800120c   Section       42  btod.o(CL$$btod_emul)
    CL$$btod_mult_common                     0x08001236   Section      580  btod.o(CL$$btod_mult_common)
    i.ADC_ConversionStop_Disable             0x0800147c   Section        0  stm32f1xx_hal_adc.o(i.ADC_ConversionStop_Disable)
    i.ADC_DMAConvCplt                        0x080014d2   Section        0  stm32f1xx_hal_adc.o(i.ADC_DMAConvCplt)
    i.ADC_DMAError                           0x08001520   Section        0  stm32f1xx_hal_adc.o(i.ADC_DMAError)
    i.ADC_DMAHalfConvCplt                    0x0800153a   Section        0  stm32f1xx_hal_adc.o(i.ADC_DMAHalfConvCplt)
    i.ADC_Enable                             0x08001544   Section        0  stm32f1xx_hal_adc.o(i.ADC_Enable)
    i.BusFault_Handler                       0x080015c0   Section        0  stm32f1xx_it.o(i.BusFault_Handler)
    i.Calcosphi                              0x080015c4   Section        0  main.o(i.Calcosphi)
    i.DMA1_Channel1_IRQHandler               0x0800161c   Section        0  stm32f1xx_it.o(i.DMA1_Channel1_IRQHandler)
    i.DMA_SetConfig                          0x08001628   Section        0  stm32f1xx_hal_dma.o(i.DMA_SetConfig)
    DMA_SetConfig                            0x08001629   Thumb Code    42  stm32f1xx_hal_dma.o(i.DMA_SetConfig)
    i.DebugMon_Handler                       0x08001652   Section        0  stm32f1xx_it.o(i.DebugMon_Handler)
    i.Error_Handler                          0x08001654   Section        0  main.o(i.Error_Handler)
    i.HAL_ADC_ConfigChannel                  0x08001658   Section        0  stm32f1xx_hal_adc.o(i.HAL_ADC_ConfigChannel)
    i.HAL_ADC_ConvCpltCallback               0x08001754   Section        0  stm32f1xx_hal_adc.o(i.HAL_ADC_ConvCpltCallback)
    i.HAL_ADC_ConvHalfCpltCallback           0x08001756   Section        0  stm32f1xx_hal_adc.o(i.HAL_ADC_ConvHalfCpltCallback)
    i.HAL_ADC_ErrorCallback                  0x08001758   Section        0  stm32f1xx_hal_adc.o(i.HAL_ADC_ErrorCallback)
    i.HAL_ADC_Init                           0x0800175c   Section        0  stm32f1xx_hal_adc.o(i.HAL_ADC_Init)
    i.HAL_ADC_MspInit                        0x08001878   Section        0  adc.o(i.HAL_ADC_MspInit)
    i.HAL_ADC_Start_DMA                      0x08001908   Section        0  stm32f1xx_hal_adc.o(i.HAL_ADC_Start_DMA)
    i.HAL_DMA_Abort                          0x08001a14   Section        0  stm32f1xx_hal_dma.o(i.HAL_DMA_Abort)
    i.HAL_DMA_Abort_IT                       0x08001a5c   Section        0  stm32f1xx_hal_dma.o(i.HAL_DMA_Abort_IT)
    i.HAL_DMA_IRQHandler                     0x08001af4   Section        0  stm32f1xx_hal_dma.o(i.HAL_DMA_IRQHandler)
    i.HAL_DMA_Init                           0x08001c48   Section        0  stm32f1xx_hal_dma.o(i.HAL_DMA_Init)
    i.HAL_DMA_Start_IT                       0x08001ca4   Section        0  stm32f1xx_hal_dma.o(i.HAL_DMA_Start_IT)
    i.HAL_Delay                              0x08001d14   Section        0  stm32f1xx_hal.o(i.HAL_Delay)
    i.HAL_GPIO_Init                          0x08001d38   Section        0  stm32f1xx_hal_gpio.o(i.HAL_GPIO_Init)
    i.HAL_GPIO_ReadPin                       0x08001f18   Section        0  stm32f1xx_hal_gpio.o(i.HAL_GPIO_ReadPin)
    i.HAL_GPIO_TogglePin                     0x08001f22   Section        0  stm32f1xx_hal_gpio.o(i.HAL_GPIO_TogglePin)
    i.HAL_GPIO_WritePin                      0x08001f32   Section        0  stm32f1xx_hal_gpio.o(i.HAL_GPIO_WritePin)
    i.HAL_GetTick                            0x08001f3c   Section        0  stm32f1xx_hal.o(i.HAL_GetTick)
    i.HAL_IncTick                            0x08001f48   Section        0  stm32f1xx_hal.o(i.HAL_IncTick)
    i.HAL_Init                               0x08001f58   Section        0  stm32f1xx_hal.o(i.HAL_Init)
    i.HAL_InitTick                           0x08001f7c   Section        0  stm32f1xx_hal.o(i.HAL_InitTick)
    i.HAL_MspInit                            0x08001fbc   Section        0  stm32f1xx_hal_msp.o(i.HAL_MspInit)
    i.HAL_NVIC_EnableIRQ                     0x08001ff8   Section        0  stm32f1xx_hal_cortex.o(i.HAL_NVIC_EnableIRQ)
    i.HAL_NVIC_SetPriority                   0x08002014   Section        0  stm32f1xx_hal_cortex.o(i.HAL_NVIC_SetPriority)
    i.HAL_NVIC_SetPriorityGrouping           0x08002054   Section        0  stm32f1xx_hal_cortex.o(i.HAL_NVIC_SetPriorityGrouping)
    i.HAL_RCCEx_PeriphCLKConfig              0x08002078   Section        0  stm32f1xx_hal_rcc_ex.o(i.HAL_RCCEx_PeriphCLKConfig)
    i.HAL_RCC_ClockConfig                    0x08002164   Section        0  stm32f1xx_hal_rcc.o(i.HAL_RCC_ClockConfig)
    i.HAL_RCC_GetPCLK1Freq                   0x08002290   Section        0  stm32f1xx_hal_rcc.o(i.HAL_RCC_GetPCLK1Freq)
    i.HAL_RCC_GetPCLK2Freq                   0x080022b0   Section        0  stm32f1xx_hal_rcc.o(i.HAL_RCC_GetPCLK2Freq)
    i.HAL_RCC_GetSysClockFreq                0x080022d0   Section        0  stm32f1xx_hal_rcc.o(i.HAL_RCC_GetSysClockFreq)
    i.HAL_RCC_OscConfig                      0x0800233c   Section        0  stm32f1xx_hal_rcc.o(i.HAL_RCC_OscConfig)
    i.HAL_SYSTICK_Config                     0x0800265c   Section        0  stm32f1xx_hal_cortex.o(i.HAL_SYSTICK_Config)
    i.HAL_TIMEx_BreakCallback                0x08002684   Section        0  stm32f1xx_hal_tim_ex.o(i.HAL_TIMEx_BreakCallback)
    i.HAL_TIMEx_CommutCallback               0x08002686   Section        0  stm32f1xx_hal_tim_ex.o(i.HAL_TIMEx_CommutCallback)
    i.HAL_TIMEx_MasterConfigSynchronization  0x08002688   Section        0  stm32f1xx_hal_tim_ex.o(i.HAL_TIMEx_MasterConfigSynchronization)
    i.HAL_TIM_Base_Init                      0x080026f0   Section        0  stm32f1xx_hal_tim.o(i.HAL_TIM_Base_Init)
    i.HAL_TIM_Base_MspInit                   0x0800274c   Section        0  tim.o(i.HAL_TIM_Base_MspInit)
    i.HAL_TIM_Base_Start_IT                  0x08002784   Section        0  stm32f1xx_hal_tim.o(i.HAL_TIM_Base_Start_IT)
    i.HAL_TIM_ConfigClockSource              0x080027dc   Section        0  stm32f1xx_hal_tim.o(i.HAL_TIM_ConfigClockSource)
    i.HAL_TIM_IC_CaptureCallback             0x080028b2   Section        0  stm32f1xx_hal_tim.o(i.HAL_TIM_IC_CaptureCallback)
    i.HAL_TIM_IRQHandler                     0x080028b4   Section        0  stm32f1xx_hal_tim.o(i.HAL_TIM_IRQHandler)
    i.HAL_TIM_OC_DelayElapsedCallback        0x08002a1a   Section        0  stm32f1xx_hal_tim.o(i.HAL_TIM_OC_DelayElapsedCallback)
    i.HAL_TIM_PWM_PulseFinishedCallback      0x08002a1c   Section        0  stm32f1xx_hal_tim.o(i.HAL_TIM_PWM_PulseFinishedCallback)
    i.HAL_TIM_PeriodElapsedCallback          0x08002a20   Section        0  main.o(i.HAL_TIM_PeriodElapsedCallback)
    i.HAL_TIM_TriggerCallback                0x08002a94   Section        0  stm32f1xx_hal_tim.o(i.HAL_TIM_TriggerCallback)
    i.HAL_UARTEx_RxEventCallback             0x08002a96   Section        0  stm32f1xx_hal_uart.o(i.HAL_UARTEx_RxEventCallback)
    i.HAL_UART_ErrorCallback                 0x08002a98   Section        0  stm32f1xx_hal_uart.o(i.HAL_UART_ErrorCallback)
    i.HAL_UART_IRQHandler                    0x08002a9c   Section        0  stm32f1xx_hal_uart.o(i.HAL_UART_IRQHandler)
    i.HAL_UART_Init                          0x08002ca8   Section        0  stm32f1xx_hal_uart.o(i.HAL_UART_Init)
    i.HAL_UART_MspInit                       0x08002d0c   Section        0  usart.o(i.HAL_UART_MspInit)
    i.HAL_UART_Receive_IT                    0x08002d8c   Section        0  stm32f1xx_hal_uart.o(i.HAL_UART_Receive_IT)
    i.HAL_UART_RxCpltCallback                0x08002db8   Section        0  main.o(i.HAL_UART_RxCpltCallback)
    i.HAL_UART_Transmit                      0x08002e10   Section        0  stm32f1xx_hal_uart.o(i.HAL_UART_Transmit)
    i.HAL_UART_TxCpltCallback                0x08002ec2   Section        0  stm32f1xx_hal_uart.o(i.HAL_UART_TxCpltCallback)
    i.HardFault_Handler                      0x08002ec4   Section        0  stm32f1xx_it.o(i.HardFault_Handler)
    i.KEYPAD4X4_Init                         0x08002ec8   Section        0  keypad.o(i.KEYPAD4X4_Init)
    i.KEYPAD4X4_Readkey                      0x08002f64   Section        0  keypad.o(i.KEYPAD4X4_Readkey)
    i.Lcd_Init                               0x08002fe0   Section        0  lcd_16x2.o(i.Lcd_Init)
    i.Lcd_clear_display                      0x0800300e   Section        0  lcd_16x2.o(i.Lcd_clear_display)
    i.Lcd_configure                          0x08003014   Section        0  lcd_16x2.o(i.Lcd_configure)
    Lcd_configure                            0x08003015   Thumb Code   212  lcd_16x2.o(i.Lcd_configure)
    i.Lcd_gotoxy                             0x080030f4   Section        0  lcd_16x2.o(i.Lcd_gotoxy)
    i.Lcd_test                               0x0800310c   Section        0  main.o(i.Lcd_test)
    i.Lcd_write_int                          0x080031ec   Section        0  lcd_16x2.o(i.Lcd_write_int)
    i.Lcd_write_string                       0x08003204   Section        0  lcd_16x2.o(i.Lcd_write_string)
    i.MX_ADC1_Init                           0x08003224   Section        0  adc.o(i.MX_ADC1_Init)
    i.MX_DMA_Init                            0x0800329c   Section        0  dma.o(i.MX_DMA_Init)
    i.MX_GPIO_Init                           0x080032c8   Section        0  gpio.o(i.MX_GPIO_Init)
    i.MX_TIM2_Init                           0x080033a8   Section        0  tim.o(i.MX_TIM2_Init)
    i.MX_USART3_UART_Init                    0x0800340c   Section        0  usart.o(i.MX_USART3_UART_Init)
    i.MemManage_Handler                      0x08003444   Section        0  stm32f1xx_it.o(i.MemManage_Handler)
    i.NMI_Handler                            0x08003446   Section        0  stm32f1xx_it.o(i.NMI_Handler)
    i.PendSV_Handler                         0x08003448   Section        0  stm32f1xx_it.o(i.PendSV_Handler)
    i.SVC_Handler                            0x0800344a   Section        0  stm32f1xx_it.o(i.SVC_Handler)
    i.SysTick_Handler                        0x0800344c   Section        0  stm32f1xx_it.o(i.SysTick_Handler)
    i.SystemClock_Config                     0x08003450   Section        0  main.o(i.SystemClock_Config)
    i.SystemInit                             0x080034be   Section        0  system_stm32f1xx.o(i.SystemInit)
    i.TIM2_IRQHandler                        0x080034c0   Section        0  stm32f1xx_it.o(i.TIM2_IRQHandler)
    i.TIM_Base_SetConfig                     0x080034cc   Section        0  stm32f1xx_hal_tim.o(i.TIM_Base_SetConfig)
    i.TIM_ETR_SetConfig                      0x08003538   Section        0  stm32f1xx_hal_tim.o(i.TIM_ETR_SetConfig)
    i.TIM_ITRx_SetConfig                     0x0800354c   Section        0  stm32f1xx_hal_tim.o(i.TIM_ITRx_SetConfig)
    TIM_ITRx_SetConfig                       0x0800354d   Thumb Code    16  stm32f1xx_hal_tim.o(i.TIM_ITRx_SetConfig)
    i.TIM_TI1_ConfigInputStage               0x0800355c   Section        0  stm32f1xx_hal_tim.o(i.TIM_TI1_ConfigInputStage)
    TIM_TI1_ConfigInputStage                 0x0800355d   Thumb Code    34  stm32f1xx_hal_tim.o(i.TIM_TI1_ConfigInputStage)
    i.TIM_TI2_ConfigInputStage               0x0800357e   Section        0  stm32f1xx_hal_tim.o(i.TIM_TI2_ConfigInputStage)
    TIM_TI2_ConfigInputStage                 0x0800357f   Thumb Code    36  stm32f1xx_hal_tim.o(i.TIM_TI2_ConfigInputStage)
    i.UART_DMAAbortOnError                   0x080035a2   Section        0  stm32f1xx_hal_uart.o(i.UART_DMAAbortOnError)
    UART_DMAAbortOnError                     0x080035a3   Thumb Code    16  stm32f1xx_hal_uart.o(i.UART_DMAAbortOnError)
    i.UART_EndRxTransfer                     0x080035b2   Section        0  stm32f1xx_hal_uart.o(i.UART_EndRxTransfer)
    UART_EndRxTransfer                       0x080035b3   Thumb Code    48  stm32f1xx_hal_uart.o(i.UART_EndRxTransfer)
    i.UART_Receive_IT                        0x080035e2   Section        0  stm32f1xx_hal_uart.o(i.UART_Receive_IT)
    UART_Receive_IT                          0x080035e3   Thumb Code   182  stm32f1xx_hal_uart.o(i.UART_Receive_IT)
    i.UART_SetConfig                         0x08003698   Section        0  stm32f1xx_hal_uart.o(i.UART_SetConfig)
    UART_SetConfig                           0x08003699   Thumb Code   178  stm32f1xx_hal_uart.o(i.UART_SetConfig)
    i.UART_Start_Receive_IT                  0x08003750   Section        0  stm32f1xx_hal_uart.o(i.UART_Start_Receive_IT)
    i.UART_WaitOnFlagUntilTimeout            0x08003786   Section        0  stm32f1xx_hal_uart.o(i.UART_WaitOnFlagUntilTimeout)
    UART_WaitOnFlagUntilTimeout              0x08003787   Thumb Code   100  stm32f1xx_hal_uart.o(i.UART_WaitOnFlagUntilTimeout)
    i.USART3_IRQHandler                      0x080037ec   Section        0  stm32f1xx_it.o(i.USART3_IRQHandler)
    i.UsageFault_Handler                     0x080037f8   Section        0  stm32f1xx_it.o(i.UsageFault_Handler)
    i.__ARM_fpclassify                       0x080037fa   Section        0  fpclassify.o(i.__ARM_fpclassify)
    i.__NVIC_SetPriority                     0x08003822   Section        0  stm32f1xx_hal_cortex.o(i.__NVIC_SetPriority)
    __NVIC_SetPriority                       0x08003823   Thumb Code    32  stm32f1xx_hal_cortex.o(i.__NVIC_SetPriority)
    i._is_digit                              0x08003842   Section        0  __printf_wp.o(i._is_digit)
    i.lcd_write                              0x08003850   Section        0  lcd_16x2.o(i.lcd_write)
    lcd_write                                0x08003851   Thumb Code    90  lcd_16x2.o(i.lcd_write)
    i.lcd_write_command                      0x080038b4   Section        0  lcd_16x2.o(i.lcd_write_command)
    lcd_write_command                        0x080038b5   Thumb Code    38  lcd_16x2.o(i.lcd_write_command)
    i.lcd_write_data                         0x080038e0   Section        0  lcd_16x2.o(i.lcd_write_data)
    lcd_write_data                           0x080038e1   Thumb Code    36  lcd_16x2.o(i.lcd_write_data)
    i.main                                   0x08003908   Section        0  main.o(i.main)
    i.readKeypad                             0x08003bb0   Section        0  main.o(i.readKeypad)
    locale$$code                             0x08003c70   Section       44  lc_numeric_c.o(locale$$code)
    x$fpl$d2f                                0x08003c9c   Section       98  d2f.o(x$fpl$d2f)
    x$fpl$dadd                               0x08003d00   Section      336  daddsub_clz.o(x$fpl$dadd)
    _dadd1                                   0x08003d11   Thumb Code     0  daddsub_clz.o(x$fpl$dadd)
    x$fpl$ddiv                               0x08003e50   Section      688  ddiv.o(x$fpl$ddiv)
    ddiv_entry                               0x08003e57   Thumb Code     0  ddiv.o(x$fpl$ddiv)
    x$fpl$dfixu                              0x08004100   Section       90  dfixu.o(x$fpl$dfixu)
    x$fpl$dflt                               0x0800415a   Section       46  dflt_clz.o(x$fpl$dflt)
    x$fpl$dmul                               0x08004188   Section      340  dmul.o(x$fpl$dmul)
    x$fpl$dnaninf                            0x080042dc   Section      156  dnaninf.o(x$fpl$dnaninf)
    x$fpl$dretinf                            0x08004378   Section       12  dretinf.o(x$fpl$dretinf)
    x$fpl$dsub                               0x08004384   Section      468  daddsub_clz.o(x$fpl$dsub)
    _dsub1                                   0x08004395   Thumb Code     0  daddsub_clz.o(x$fpl$dsub)
    x$fpl$f2d                                0x08004558   Section       86  f2d.o(x$fpl$f2d)
    x$fpl$fadd                               0x080045b0   Section      196  faddsub_clz.o(x$fpl$fadd)
    _fadd1                                   0x080045bf   Thumb Code     0  faddsub_clz.o(x$fpl$fadd)
    x$fpl$fcheck1                            0x08004674   Section       12  fcheck1.o(x$fpl$fcheck1)
    x$fpl$fcmpinf                            0x08004680   Section       24  fcmpi.o(x$fpl$fcmpinf)
    x$fpl$ffix                               0x08004698   Section       54  ffix.o(x$fpl$ffix)
    x$fpl$ffltu                              0x080046d0   Section       38  fflt_clz.o(x$fpl$ffltu)
    x$fpl$fleqf                              0x080046f8   Section      104  fleqf.o(x$fpl$fleqf)
    x$fpl$fnaninf                            0x08004760   Section      140  fnaninf.o(x$fpl$fnaninf)
    x$fpl$fretinf                            0x080047ec   Section       10  fretinf.o(x$fpl$fretinf)
    x$fpl$frleqf                             0x080047f6   Section       98  frleqf.o(x$fpl$frleqf)
    x$fpl$frsb                               0x08004858   Section       20  faddsub_clz.o(x$fpl$frsb)
    x$fpl$fsub                               0x0800486c   Section      234  faddsub_clz.o(x$fpl$fsub)
    _fsub1                                   0x0800487b   Thumb Code     0  faddsub_clz.o(x$fpl$fsub)
    x$fpl$printf1                            0x08004956   Section        4  printf1.o(x$fpl$printf1)
    x$fpl$retnan                             0x0800495a   Section      100  retnan.o(x$fpl$retnan)
    x$fpl$scalbnf                            0x080049be   Section       76  scalbnf.o(x$fpl$scalbnf)
    x$fpl$trapveneer                         0x08004a0a   Section       48  trapv.o(x$fpl$trapveneer)
    .constdata                               0x08004a3a   Section       16  system_stm32f1xx.o(.constdata)
    x$fpl$usenofp                            0x08004a3a   Section        0  usenofp.o(x$fpl$usenofp)
    .constdata                               0x08004a4a   Section        8  system_stm32f1xx.o(.constdata)
    .constdata                               0x08004a52   Section       17  __printf_flags_wp.o(.constdata)
    maptable                                 0x08004a52   Data          17  __printf_flags_wp.o(.constdata)
    .constdata                               0x08004a64   Section      148  bigflt0.o(.constdata)
    tenpwrs_x                                0x08004a64   Data          60  bigflt0.o(.constdata)
    tenpwrs_i                                0x08004aa0   Data          64  bigflt0.o(.constdata)
    locale$$data                             0x08004b18   Section       28  lc_numeric_c.o(locale$$data)
    __lcnum_c_name                           0x08004b1c   Data           2  lc_numeric_c.o(locale$$data)
    __lcnum_c_start                          0x08004b24   Data           0  lc_numeric_c.o(locale$$data)
    __lcnum_c_point                          0x08004b30   Data           0  lc_numeric_c.o(locale$$data)
    __lcnum_c_thousands                      0x08004b32   Data           0  lc_numeric_c.o(locale$$data)
    __lcnum_c_grouping                       0x08004b33   Data           0  lc_numeric_c.o(locale$$data)
    __lcnum_c_end                            0x08004b34   Data           0  lc_numeric_c.o(locale$$data)
    .data                                    0x20000000   Section       24  lcd_16x2.o(.data)
    .data                                    0x20000018   Section      414  main.o(.data)
    .data                                    0x200001b8   Section       12  stm32f1xx_hal.o(.data)
    .data                                    0x200001c4   Section        4  system_stm32f1xx.o(.data)
    .bss                                     0x200001c8   Section      156  main.o(.bss)
    .bss                                     0x20000264   Section      116  adc.o(.bss)
    .bss                                     0x200002d8   Section       72  tim.o(.bss)
    .bss                                     0x20000320   Section       68  usart.o(.bss)
    .bss                                     0x20000364   Section       96  libspace.o(.bss)
    HEAP                                     0x200003c8   Section      512  startup_stm32f103xb.o(HEAP)
    Heap_Mem                                 0x200003c8   Data         512  startup_stm32f103xb.o(HEAP)
    STACK                                    0x200005c8   Section     1024  startup_stm32f103xb.o(STACK)
    Stack_Mem                                0x200005c8   Data        1024  startup_stm32f103xb.o(STACK)
    __initial_sp                             0x200009c8   Data           0  startup_stm32f103xb.o(STACK)

    Global Symbols

    Symbol Name                              Value     Ov Type        Size  Object(Section)

    BuildAttributes$$THM_ISAv4$P$D$K$B$S$PE$A:L22UL41UL21$X:L11$S22US41US21$IEEE1$IW$USESV6$~STKCKD$USESV7$~SHL$OTIME$ROPI$IEEEJ$EBA8$UX$STANDARDLIB$REQ8$PRES8$EABIv2 0x00000000   Number         0  anon$$obj.o ABSOLUTE
    __ARM_use_no_argv                        0x00000000   Number         0  main.o ABSOLUTE
    _printf_flags                            0x00000000   Number         0  printf_stubs.o ABSOLUTE
    _printf_return_value                     0x00000000   Number         0  printf_stubs.o ABSOLUTE
    _printf_sizespec                         0x00000000   Number         0  printf_stubs.o ABSOLUTE
    _printf_widthprec                        0x00000000   Number         0  printf_stubs.o ABSOLUTE
    __ARM_exceptions_init                     - Undefined Weak Reference
    __alloca_initialize                       - Undefined Weak Reference
    __arm_preinit_                            - Undefined Weak Reference
    __cpp_initialize__aeabi_                  - Undefined Weak Reference
    __cxa_finalize                            - Undefined Weak Reference
    __sigvec_lookup                           - Undefined Weak Reference
    _atexit_init                              - Undefined Weak Reference
    _call_atexit_fns                          - Undefined Weak Reference
    _clock_init                               - Undefined Weak Reference
    _fp_trap_init                             - Undefined Weak Reference
    _fp_trap_shutdown                         - Undefined Weak Reference
    _get_lc_collate                           - Undefined Weak Reference
    _get_lc_ctype                             - Undefined Weak Reference
    _get_lc_monetary                          - Undefined Weak Reference
    _get_lc_time                              - Undefined Weak Reference
    _getenv_init                              - Undefined Weak Reference
    _handle_redirection                       - Undefined Weak Reference
    _init_alloc                               - Undefined Weak Reference
    _init_user_alloc                          - Undefined Weak Reference
    _initio                                   - Undefined Weak Reference
    _printf_post_padding                      - Undefined Weak Reference
    _printf_pre_padding                       - Undefined Weak Reference
    _printf_truncate_signed                   - Undefined Weak Reference
    _printf_truncate_unsigned                 - Undefined Weak Reference
    _rand_init                                - Undefined Weak Reference
    _signal_finish                            - Undefined Weak Reference
    _signal_init                              - Undefined Weak Reference
    _terminate_alloc                          - Undefined Weak Reference
    _terminate_user_alloc                     - Undefined Weak Reference
    _terminateio                              - Undefined Weak Reference
    __Vectors_Size                           0x000000ec   Number         0  startup_stm32f103xb.o ABSOLUTE
    __Vectors                                0x08000000   Data           4  startup_stm32f103xb.o(RESET)
    __Vectors_End                            0x080000ec   Data           0  startup_stm32f103xb.o(RESET)
    __main                                   0x080000ed   Thumb Code     8  __main.o(!!!main)
    __scatterload                            0x080000f5   Thumb Code     0  __scatter.o(!!!scatter)
    __scatterload_rt2                        0x080000f5   Thumb Code    44  __scatter.o(!!!scatter)
    __scatterload_rt2_thumb_only             0x080000f5   Thumb Code     0  __scatter.o(!!!scatter)
    __scatterload_null                       0x08000103   Thumb Code     0  __scatter.o(!!!scatter)
    __decompress                             0x08000129   Thumb Code    90  __dczerorl2.o(!!dczerorl2)
    __decompress1                            0x08000129   Thumb Code     0  __dczerorl2.o(!!dczerorl2)
    __scatterload_zeroinit                   0x08000185   Thumb Code    28  __scatter_zi.o(!!handler_zi)
    _printf_f                                0x080001a1   Thumb Code     0  _printf_f.o(.ARM.Collect$$_printf_percent$$00000003)
    _printf_percent                          0x080001a1   Thumb Code     0  _printf_percent.o(.ARM.Collect$$_printf_percent$$00000000)
    _printf_d                                0x080001a7   Thumb Code     0  _printf_d.o(.ARM.Collect$$_printf_percent$$00000009)
    _printf_percent_end                      0x080001ad   Thumb Code     0  _printf_percent_end.o(.ARM.Collect$$_printf_percent$$00000017)
    __rt_lib_init                            0x080001b1   Thumb Code     0  libinit.o(.ARM.Collect$$libinit$$00000000)
    __rt_lib_init_fp_1                       0x080001b3   Thumb Code     0  libinit2.o(.ARM.Collect$$libinit$$00000002)
    __rt_lib_init_heap_1                     0x080001b3   Thumb Code     0  libinit2.o(.ARM.Collect$$libinit$$0000000A)
    __rt_lib_init_lc_common                  0x080001b3   Thumb Code     0  libinit2.o(.ARM.Collect$$libinit$$0000000F)
    __rt_lib_init_preinit_1                  0x080001b3   Thumb Code     0  libinit2.o(.ARM.Collect$$libinit$$00000004)
    __rt_lib_init_rand_1                     0x080001b3   Thumb Code     0  libinit2.o(.ARM.Collect$$libinit$$0000000E)
    __rt_lib_init_user_alloc_1               0x080001b3   Thumb Code     0  libinit2.o(.ARM.Collect$$libinit$$0000000C)
    __rt_lib_init_lc_collate_1               0x080001b9   Thumb Code     0  libinit2.o(.ARM.Collect$$libinit$$00000011)
    __rt_lib_init_lc_ctype_1                 0x080001b9   Thumb Code     0  libinit2.o(.ARM.Collect$$libinit$$00000013)
    __rt_lib_init_lc_monetary_1              0x080001b9   Thumb Code     0  libinit2.o(.ARM.Collect$$libinit$$00000015)
    __rt_lib_init_lc_numeric_2               0x080001b9   Thumb Code     0  libinit2.o(.ARM.Collect$$libinit$$00000016)
    __rt_lib_init_alloca_1                   0x080001c3   Thumb Code     0  libinit2.o(.ARM.Collect$$libinit$$0000002E)
    __rt_lib_init_argv_1                     0x080001c3   Thumb Code     0  libinit2.o(.ARM.Collect$$libinit$$0000002C)
    __rt_lib_init_atexit_1                   0x080001c3   Thumb Code     0  libinit2.o(.ARM.Collect$$libinit$$0000001B)
    __rt_lib_init_clock_1                    0x080001c3   Thumb Code     0  libinit2.o(.ARM.Collect$$libinit$$00000021)
    __rt_lib_init_cpp_1                      0x080001c3   Thumb Code     0  libinit2.o(.ARM.Collect$$libinit$$00000032)
    __rt_lib_init_exceptions_1               0x080001c3   Thumb Code     0  libinit2.o(.ARM.Collect$$libinit$$00000030)
    __rt_lib_init_fp_trap_1                  0x080001c3   Thumb Code     0  libinit2.o(.ARM.Collect$$libinit$$0000001F)
    __rt_lib_init_getenv_1                   0x080001c3   Thumb Code     0  libinit2.o(.ARM.Collect$$libinit$$00000023)
    __rt_lib_init_lc_numeric_1               0x080001c3   Thumb Code     0  libinit2.o(.ARM.Collect$$libinit$$00000017)
    __rt_lib_init_lc_time_1                  0x080001c3   Thumb Code     0  libinit2.o(.ARM.Collect$$libinit$$00000019)
    __rt_lib_init_return                     0x080001c3   Thumb Code     0  libinit2.o(.ARM.Collect$$libinit$$00000033)
    __rt_lib_init_signal_1                   0x080001c3   Thumb Code     0  libinit2.o(.ARM.Collect$$libinit$$0000001D)
    __rt_lib_init_stdio_1                    0x080001c3   Thumb Code     0  libinit2.o(.ARM.Collect$$libinit$$00000025)
    __rt_lib_shutdown                        0x080001c5   Thumb Code     0  libshutdown.o(.ARM.Collect$$libshutdown$$00000000)
    __rt_lib_shutdown_cpp_1                  0x080001c7   Thumb Code     0  libshutdown2.o(.ARM.Collect$$libshutdown$$00000002)
    __rt_lib_shutdown_fp_trap_1              0x080001c7   Thumb Code     0  libshutdown2.o(.ARM.Collect$$libshutdown$$00000007)
    __rt_lib_shutdown_heap_1                 0x080001c7   Thumb Code     0  libshutdown2.o(.ARM.Collect$$libshutdown$$0000000F)
    __rt_lib_shutdown_return                 0x080001c7   Thumb Code     0  libshutdown2.o(.ARM.Collect$$libshutdown$$00000010)
    __rt_lib_shutdown_signal_1               0x080001c7   Thumb Code     0  libshutdown2.o(.ARM.Collect$$libshutdown$$0000000A)
    __rt_lib_shutdown_stdio_1                0x080001c7   Thumb Code     0  libshutdown2.o(.ARM.Collect$$libshutdown$$00000004)
    __rt_lib_shutdown_user_alloc_1           0x080001c7   Thumb Code     0  libshutdown2.o(.ARM.Collect$$libshutdown$$0000000C)
    __rt_entry                               0x080001c9   Thumb Code     0  __rtentry.o(.ARM.Collect$$rtentry$$00000000)
    __rt_entry_presh_1                       0x080001c9   Thumb Code     0  __rtentry2.o(.ARM.Collect$$rtentry$$00000002)
    __rt_entry_sh                            0x080001c9   Thumb Code     0  __rtentry4.o(.ARM.Collect$$rtentry$$00000004)
    __rt_entry_li                            0x080001cf   Thumb Code     0  __rtentry2.o(.ARM.Collect$$rtentry$$0000000A)
    __rt_entry_postsh_1                      0x080001cf   Thumb Code     0  __rtentry2.o(.ARM.Collect$$rtentry$$00000009)
    __rt_entry_main                          0x080001d3   Thumb Code     0  __rtentry2.o(.ARM.Collect$$rtentry$$0000000D)
    __rt_entry_postli_1                      0x080001d3   Thumb Code     0  __rtentry2.o(.ARM.Collect$$rtentry$$0000000C)
    __rt_exit                                0x080001db   Thumb Code     0  rtexit.o(.ARM.Collect$$rtexit$$00000000)
    __rt_exit_ls                             0x080001dd   Thumb Code     0  rtexit2.o(.ARM.Collect$$rtexit$$00000003)
    __rt_exit_prels_1                        0x080001dd   Thumb Code     0  rtexit2.o(.ARM.Collect$$rtexit$$00000002)
    __rt_exit_exit                           0x080001e1   Thumb Code     0  rtexit2.o(.ARM.Collect$$rtexit$$00000004)
    Reset_Handler                            0x080001e9   Thumb Code     8  startup_stm32f103xb.o(.text)
    ADC1_2_IRQHandler                        0x08000203   Thumb Code     0  startup_stm32f103xb.o(.text)
    CAN1_RX1_IRQHandler                      0x08000203   Thumb Code     0  startup_stm32f103xb.o(.text)
    CAN1_SCE_IRQHandler                      0x08000203   Thumb Code     0  startup_stm32f103xb.o(.text)
    DMA1_Channel2_IRQHandler                 0x08000203   Thumb Code     0  startup_stm32f103xb.o(.text)
    DMA1_Channel3_IRQHandler                 0x08000203   Thumb Code     0  startup_stm32f103xb.o(.text)
    DMA1_Channel4_IRQHandler                 0x08000203   Thumb Code     0  startup_stm32f103xb.o(.text)
    DMA1_Channel5_IRQHandler                 0x08000203   Thumb Code     0  startup_stm32f103xb.o(.text)
    DMA1_Channel6_IRQHandler                 0x08000203   Thumb Code     0  startup_stm32f103xb.o(.text)
    DMA1_Channel7_IRQHandler                 0x08000203   Thumb Code     0  startup_stm32f103xb.o(.text)
    EXTI0_IRQHandler                         0x08000203   Thumb Code     0  startup_stm32f103xb.o(.text)
    EXTI15_10_IRQHandler                     0x08000203   Thumb Code     0  startup_stm32f103xb.o(.text)
    EXTI1_IRQHandler                         0x08000203   Thumb Code     0  startup_stm32f103xb.o(.text)
    EXTI2_IRQHandler                         0x08000203   Thumb Code     0  startup_stm32f103xb.o(.text)
    EXTI3_IRQHandler                         0x08000203   Thumb Code     0  startup_stm32f103xb.o(.text)
    EXTI4_IRQHandler                         0x08000203   Thumb Code     0  startup_stm32f103xb.o(.text)
    EXTI9_5_IRQHandler                       0x08000203   Thumb Code     0  startup_stm32f103xb.o(.text)
    FLASH_IRQHandler                         0x08000203   Thumb Code     0  startup_stm32f103xb.o(.text)
    I2C1_ER_IRQHandler                       0x08000203   Thumb Code     0  startup_stm32f103xb.o(.text)
    I2C1_EV_IRQHandler                       0x08000203   Thumb Code     0  startup_stm32f103xb.o(.text)
    I2C2_ER_IRQHandler                       0x08000203   Thumb Code     0  startup_stm32f103xb.o(.text)
    I2C2_EV_IRQHandler                       0x08000203   Thumb Code     0  startup_stm32f103xb.o(.text)
    PVD_IRQHandler                           0x08000203   Thumb Code     0  startup_stm32f103xb.o(.text)
    RCC_IRQHandler                           0x08000203   Thumb Code     0  startup_stm32f103xb.o(.text)
    RTC_Alarm_IRQHandler                     0x08000203   Thumb Code     0  startup_stm32f103xb.o(.text)
    RTC_IRQHandler                           0x08000203   Thumb Code     0  startup_stm32f103xb.o(.text)
    SPI1_IRQHandler                          0x08000203   Thumb Code     0  startup_stm32f103xb.o(.text)
    SPI2_IRQHandler                          0x08000203   Thumb Code     0  startup_stm32f103xb.o(.text)
    TAMPER_IRQHandler                        0x08000203   Thumb Code     0  startup_stm32f103xb.o(.text)
    TIM1_BRK_IRQHandler                      0x08000203   Thumb Code     0  startup_stm32f103xb.o(.text)
    TIM1_CC_IRQHandler                       0x08000203   Thumb Code     0  startup_stm32f103xb.o(.text)
    TIM1_TRG_COM_IRQHandler                  0x08000203   Thumb Code     0  startup_stm32f103xb.o(.text)
    TIM1_UP_IRQHandler                       0x08000203   Thumb Code     0  startup_stm32f103xb.o(.text)
    TIM3_IRQHandler                          0x08000203   Thumb Code     0  startup_stm32f103xb.o(.text)
    TIM4_IRQHandler                          0x08000203   Thumb Code     0  startup_stm32f103xb.o(.text)
    USART1_IRQHandler                        0x08000203   Thumb Code     0  startup_stm32f103xb.o(.text)
    USART2_IRQHandler                        0x08000203   Thumb Code     0  startup_stm32f103xb.o(.text)
    USBWakeUp_IRQHandler                     0x08000203   Thumb Code     0  startup_stm32f103xb.o(.text)
    USB_HP_CAN1_TX_IRQHandler                0x08000203   Thumb Code     0  startup_stm32f103xb.o(.text)
    USB_LP_CAN1_RX0_IRQHandler               0x08000203   Thumb Code     0  startup_stm32f103xb.o(.text)
    WWDG_IRQHandler                          0x08000203   Thumb Code     0  startup_stm32f103xb.o(.text)
    __user_initial_stackheap                 0x08000205   Thumb Code     0  startup_stm32f103xb.o(.text)
    __2sprintf                               0x08000229   Thumb Code    34  noretval__2sprintf.o(.text)
    _printf_int_dec                          0x08000251   Thumb Code   104  _printf_dec.o(.text)
    __printf                                 0x080002c9   Thumb Code   308  __printf_flags_wp.o(.text)
    strcpy                                   0x08000401   Thumb Code    72  strcpy.o(.text)
    strlen                                   0x08000449   Thumb Code    62  strlen.o(.text)
    strcat                                   0x08000487   Thumb Code    24  strcat.o(.text)
    __aeabi_memclr4                          0x0800049f   Thumb Code     0  rt_memclr_w.o(.text)
    __aeabi_memclr8                          0x0800049f   Thumb Code     0  rt_memclr_w.o(.text)
    __rt_memclr_w                            0x0800049f   Thumb Code    78  rt_memclr_w.o(.text)
    _memset_w                                0x080004a3   Thumb Code     0  rt_memclr_w.o(.text)
    __use_two_region_memory                  0x080004ed   Thumb Code     2  heapauxi.o(.text)
    __rt_heap_escrow$2region                 0x080004ef   Thumb Code     2  heapauxi.o(.text)
    __rt_heap_expand$2region                 0x080004f1   Thumb Code     2  heapauxi.o(.text)
    _printf_int_common                       0x080004f3   Thumb Code   178  _printf_intcommon.o(.text)
    __lib_sel_fp_printf                      0x080005a5   Thumb Code     2  _printf_fp_dec.o(.text)
    _printf_fp_dec_real                      0x08000757   Thumb Code   620  _printf_fp_dec.o(.text)
    _printf_char_common                      0x080009cf   Thumb Code    32  _printf_char_common.o(.text)
    _sputc                                   0x080009f5   Thumb Code    10  _sputc.o(.text)
    __rt_locale                              0x08000a01   Thumb Code     8  rt_locale_intlibspace.o(.text)
    _ll_udiv10                               0x08000a09   Thumb Code   138  lludiv10.o(.text)
    _printf_fp_infnan                        0x08000a95   Thumb Code   112  _printf_fp_infnan.o(.text)
    _btod_etento                             0x08000b15   Thumb Code   224  bigflt0.o(.text)
    __user_libspace                          0x08000bf9   Thumb Code     8  libspace.o(.text)
    __user_perproc_libspace                  0x08000bf9   Thumb Code     0  libspace.o(.text)
    __user_perthread_libspace                0x08000bf9   Thumb Code     0  libspace.o(.text)
    __user_setup_stackheap                   0x08000c01   Thumb Code    74  sys_stackheap_outer.o(.text)
    exit                                     0x08000c4b   Thumb Code    18  exit.o(.text)
    strcmp                                   0x08000c5d   Thumb Code   128  strcmpv7m.o(.text)
    _sys_exit                                0x08000cdd   Thumb Code     8  sys_exit.o(.text)
    __I$use$semihosting                      0x08000ce9   Thumb Code     0  use_no_semi.o(.text)
    __use_no_semihosting_swi                 0x08000ce9   Thumb Code     2  use_no_semi.o(.text)
    __semihosting_library_function           0x08000ceb   Thumb Code     0  indicate_semi.o(.text)
    _btod_d2e                                0x08000ceb   Thumb Code    62  btod.o(CL$$btod_d2e)
    _d2e_denorm_low                          0x08000d29   Thumb Code    70  btod.o(CL$$btod_d2e_denorm_low)
    _d2e_norm_op1                            0x08000d6f   Thumb Code    96  btod.o(CL$$btod_d2e_norm_op1)
    __btod_div_common                        0x08000dcf   Thumb Code   696  btod.o(CL$$btod_div_common)
    _e2e                                     0x08001107   Thumb Code   220  btod.o(CL$$btod_e2e)
    _btod_ediv                               0x080011e3   Thumb Code    42  btod.o(CL$$btod_ediv)
    _btod_emul                               0x0800120d   Thumb Code    42  btod.o(CL$$btod_emul)
    __btod_mult_common                       0x08001237   Thumb Code   580  btod.o(CL$$btod_mult_common)
    ADC_ConversionStop_Disable               0x0800147d   Thumb Code    86  stm32f1xx_hal_adc.o(i.ADC_ConversionStop_Disable)
    ADC_DMAConvCplt                          0x080014d3   Thumb Code    78  stm32f1xx_hal_adc.o(i.ADC_DMAConvCplt)
    ADC_DMAError                             0x08001521   Thumb Code    26  stm32f1xx_hal_adc.o(i.ADC_DMAError)
    ADC_DMAHalfConvCplt                      0x0800153b   Thumb Code    10  stm32f1xx_hal_adc.o(i.ADC_DMAHalfConvCplt)
    ADC_Enable                               0x08001545   Thumb Code   114  stm32f1xx_hal_adc.o(i.ADC_Enable)
    BusFault_Handler                         0x080015c1   Thumb Code     2  stm32f1xx_it.o(i.BusFault_Handler)
    Calcosphi                                0x080015c5   Thumb Code    72  main.o(i.Calcosphi)
    DMA1_Channel1_IRQHandler                 0x0800161d   Thumb Code     6  stm32f1xx_it.o(i.DMA1_Channel1_IRQHandler)
    DebugMon_Handler                         0x08001653   Thumb Code     2  stm32f1xx_it.o(i.DebugMon_Handler)
    Error_Handler                            0x08001655   Thumb Code     4  main.o(i.Error_Handler)
    HAL_ADC_ConfigChannel                    0x08001659   Thumb Code   240  stm32f1xx_hal_adc.o(i.HAL_ADC_ConfigChannel)
    HAL_ADC_ConvCpltCallback                 0x08001755   Thumb Code     2  stm32f1xx_hal_adc.o(i.HAL_ADC_ConvCpltCallback)
    HAL_ADC_ConvHalfCpltCallback             0x08001757   Thumb Code     2  stm32f1xx_hal_adc.o(i.HAL_ADC_ConvHalfCpltCallback)
    HAL_ADC_ErrorCallback                    0x08001759   Thumb Code     2  stm32f1xx_hal_adc.o(i.HAL_ADC_ErrorCallback)
    HAL_ADC_Init                             0x0800175d   Thumb Code   272  stm32f1xx_hal_adc.o(i.HAL_ADC_Init)
    HAL_ADC_MspInit                          0x08001879   Thumb Code   122  adc.o(i.HAL_ADC_MspInit)
    HAL_ADC_Start_DMA                        0x08001909   Thumb Code   246  stm32f1xx_hal_adc.o(i.HAL_ADC_Start_DMA)
    HAL_DMA_Abort                            0x08001a15   Thumb Code    70  stm32f1xx_hal_dma.o(i.HAL_DMA_Abort)
    HAL_DMA_Abort_IT                         0x08001a5d   Thumb Code   148  stm32f1xx_hal_dma.o(i.HAL_DMA_Abort_IT)
    HAL_DMA_IRQHandler                       0x08001af5   Thumb Code   316  stm32f1xx_hal_dma.o(i.HAL_DMA_IRQHandler)
    HAL_DMA_Init                             0x08001c49   Thumb Code    84  stm32f1xx_hal_dma.o(i.HAL_DMA_Init)
    HAL_DMA_Start_IT                         0x08001ca5   Thumb Code   112  stm32f1xx_hal_dma.o(i.HAL_DMA_Start_IT)
    HAL_Delay                                0x08001d15   Thumb Code    32  stm32f1xx_hal.o(i.HAL_Delay)
    HAL_GPIO_Init                            0x08001d39   Thumb Code   446  stm32f1xx_hal_gpio.o(i.HAL_GPIO_Init)
    HAL_GPIO_ReadPin                         0x08001f19   Thumb Code    10  stm32f1xx_hal_gpio.o(i.HAL_GPIO_ReadPin)
    HAL_GPIO_TogglePin                       0x08001f23   Thumb Code    16  stm32f1xx_hal_gpio.o(i.HAL_GPIO_TogglePin)
    HAL_GPIO_WritePin                        0x08001f33   Thumb Code    10  stm32f1xx_hal_gpio.o(i.HAL_GPIO_WritePin)
    HAL_GetTick                              0x08001f3d   Thumb Code     6  stm32f1xx_hal.o(i.HAL_GetTick)
    HAL_IncTick                              0x08001f49   Thumb Code    12  stm32f1xx_hal.o(i.HAL_IncTick)
    HAL_Init                                 0x08001f59   Thumb Code    32  stm32f1xx_hal.o(i.HAL_Init)
    HAL_InitTick                             0x08001f7d   Thumb Code    54  stm32f1xx_hal.o(i.HAL_InitTick)
    HAL_MspInit                              0x08001fbd   Thumb Code    52  stm32f1xx_hal_msp.o(i.HAL_MspInit)
    HAL_NVIC_EnableIRQ                       0x08001ff9   Thumb Code    26  stm32f1xx_hal_cortex.o(i.HAL_NVIC_EnableIRQ)
    HAL_NVIC_SetPriority                     0x08002015   Thumb Code    60  stm32f1xx_hal_cortex.o(i.HAL_NVIC_SetPriority)
    HAL_NVIC_SetPriorityGrouping             0x08002055   Thumb Code    26  stm32f1xx_hal_cortex.o(i.HAL_NVIC_SetPriorityGrouping)
    HAL_RCCEx_PeriphCLKConfig                0x08002079   Thumb Code   224  stm32f1xx_hal_rcc_ex.o(i.HAL_RCCEx_PeriphCLKConfig)
    HAL_RCC_ClockConfig                      0x08002165   Thumb Code   280  stm32f1xx_hal_rcc.o(i.HAL_RCC_ClockConfig)
    HAL_RCC_GetPCLK1Freq                     0x08002291   Thumb Code    20  stm32f1xx_hal_rcc.o(i.HAL_RCC_GetPCLK1Freq)
    HAL_RCC_GetPCLK2Freq                     0x080022b1   Thumb Code    20  stm32f1xx_hal_rcc.o(i.HAL_RCC_GetPCLK2Freq)
    HAL_RCC_GetSysClockFreq                  0x080022d1   Thumb Code    74  stm32f1xx_hal_rcc.o(i.HAL_RCC_GetSysClockFreq)
    HAL_RCC_OscConfig                        0x0800233d   Thumb Code   778  stm32f1xx_hal_rcc.o(i.HAL_RCC_OscConfig)
    HAL_SYSTICK_Config                       0x0800265d   Thumb Code    40  stm32f1xx_hal_cortex.o(i.HAL_SYSTICK_Config)
    HAL_TIMEx_BreakCallback                  0x08002685   Thumb Code     2  stm32f1xx_hal_tim_ex.o(i.HAL_TIMEx_BreakCallback)
    HAL_TIMEx_CommutCallback                 0x08002687   Thumb Code     2  stm32f1xx_hal_tim_ex.o(i.HAL_TIMEx_CommutCallback)
    HAL_TIMEx_MasterConfigSynchronization    0x08002689   Thumb Code    92  stm32f1xx_hal_tim_ex.o(i.HAL_TIMEx_MasterConfigSynchronization)
    HAL_TIM_Base_Init                        0x080026f1   Thumb Code    90  stm32f1xx_hal_tim.o(i.HAL_TIM_Base_Init)
    HAL_TIM_Base_MspInit                     0x0800274d   Thumb Code    50  tim.o(i.HAL_TIM_Base_MspInit)
    HAL_TIM_Base_Start_IT                    0x08002785   Thumb Code    76  stm32f1xx_hal_tim.o(i.HAL_TIM_Base_Start_IT)
    HAL_TIM_ConfigClockSource                0x080027dd   Thumb Code   214  stm32f1xx_hal_tim.o(i.HAL_TIM_ConfigClockSource)
    HAL_TIM_IC_CaptureCallback               0x080028b3   Thumb Code     2  stm32f1xx_hal_tim.o(i.HAL_TIM_IC_CaptureCallback)
    HAL_TIM_IRQHandler                       0x080028b5   Thumb Code   358  stm32f1xx_hal_tim.o(i.HAL_TIM_IRQHandler)
    HAL_TIM_OC_DelayElapsedCallback          0x08002a1b   Thumb Code     2  stm32f1xx_hal_tim.o(i.HAL_TIM_OC_DelayElapsedCallback)
    HAL_TIM_PWM_PulseFinishedCallback        0x08002a1d   Thumb Code     2  stm32f1xx_hal_tim.o(i.HAL_TIM_PWM_PulseFinishedCallback)
    HAL_TIM_PeriodElapsedCallback            0x08002a21   Thumb Code   106  main.o(i.HAL_TIM_PeriodElapsedCallback)
    HAL_TIM_TriggerCallback                  0x08002a95   Thumb Code     2  stm32f1xx_hal_tim.o(i.HAL_TIM_TriggerCallback)
    HAL_UARTEx_RxEventCallback               0x08002a97   Thumb Code     2  stm32f1xx_hal_uart.o(i.HAL_UARTEx_RxEventCallback)
    HAL_UART_ErrorCallback                   0x08002a99   Thumb Code     2  stm32f1xx_hal_uart.o(i.HAL_UART_ErrorCallback)
    HAL_UART_IRQHandler                      0x08002a9d   Thumb Code   520  stm32f1xx_hal_uart.o(i.HAL_UART_IRQHandler)
    HAL_UART_Init                            0x08002ca9   Thumb Code    98  stm32f1xx_hal_uart.o(i.HAL_UART_Init)
    HAL_UART_MspInit                         0x08002d0d   Thumb Code   116  usart.o(i.HAL_UART_MspInit)
    HAL_UART_Receive_IT                      0x08002d8d   Thumb Code    42  stm32f1xx_hal_uart.o(i.HAL_UART_Receive_IT)
    HAL_UART_RxCpltCallback                  0x08002db9   Thumb Code    76  main.o(i.HAL_UART_RxCpltCallback)
    HAL_UART_Transmit                        0x08002e11   Thumb Code   178  stm32f1xx_hal_uart.o(i.HAL_UART_Transmit)
    HAL_UART_TxCpltCallback                  0x08002ec3   Thumb Code     2  stm32f1xx_hal_uart.o(i.HAL_UART_TxCpltCallback)
    HardFault_Handler                        0x08002ec5   Thumb Code     2  stm32f1xx_it.o(i.HardFault_Handler)
    KEYPAD4X4_Init                           0x08002ec9   Thumb Code   156  keypad.o(i.KEYPAD4X4_Init)
    KEYPAD4X4_Readkey                        0x08002f65   Thumb Code   124  keypad.o(i.KEYPAD4X4_Readkey)
    Lcd_Init                                 0x08002fe1   Thumb Code    46  lcd_16x2.o(i.Lcd_Init)
    Lcd_clear_display                        0x0800300f   Thumb Code     6  lcd_16x2.o(i.Lcd_clear_display)
    Lcd_gotoxy                               0x080030f5   Thumb Code    22  lcd_16x2.o(i.Lcd_gotoxy)
    Lcd_test                                 0x0800310d   Thumb Code   170  main.o(i.Lcd_test)
    Lcd_write_int                            0x080031ed   Thumb Code    20  lcd_16x2.o(i.Lcd_write_int)
    Lcd_write_string                         0x08003205   Thumb Code    30  lcd_16x2.o(i.Lcd_write_string)
    MX_ADC1_Init                             0x08003225   Thumb Code   112  adc.o(i.MX_ADC1_Init)
    MX_DMA_Init                              0x0800329d   Thumb Code    40  dma.o(i.MX_DMA_Init)
    MX_GPIO_Init                             0x080032c9   Thumb Code   208  gpio.o(i.MX_GPIO_Init)
    MX_TIM2_Init                             0x080033a9   Thumb Code    94  tim.o(i.MX_TIM2_Init)
    MX_USART3_UART_Init                      0x0800340d   Thumb Code    48  usart.o(i.MX_USART3_UART_Init)
    MemManage_Handler                        0x08003445   Thumb Code     2  stm32f1xx_it.o(i.MemManage_Handler)
    NMI_Handler                              0x08003447   Thumb Code     2  stm32f1xx_it.o(i.NMI_Handler)
    PendSV_Handler                           0x08003449   Thumb Code     2  stm32f1xx_it.o(i.PendSV_Handler)
    SVC_Handler                              0x0800344b   Thumb Code     2  stm32f1xx_it.o(i.SVC_Handler)
    SysTick_Handler                          0x0800344d   Thumb Code     4  stm32f1xx_it.o(i.SysTick_Handler)
    SystemClock_Config                       0x08003451   Thumb Code   110  main.o(i.SystemClock_Config)
    SystemInit                               0x080034bf   Thumb Code     2  system_stm32f1xx.o(i.SystemInit)
    TIM2_IRQHandler                          0x080034c1   Thumb Code     6  stm32f1xx_it.o(i.TIM2_IRQHandler)
    TIM_Base_SetConfig                       0x080034cd   Thumb Code    94  stm32f1xx_hal_tim.o(i.TIM_Base_SetConfig)
    TIM_ETR_SetConfig                        0x08003539   Thumb Code    20  stm32f1xx_hal_tim.o(i.TIM_ETR_SetConfig)
    UART_Start_Receive_IT                    0x08003751   Thumb Code    54  stm32f1xx_hal_uart.o(i.UART_Start_Receive_IT)
    USART3_IRQHandler                        0x080037ed   Thumb Code     6  stm32f1xx_it.o(i.USART3_IRQHandler)
    UsageFault_Handler                       0x080037f9   Thumb Code     2  stm32f1xx_it.o(i.UsageFault_Handler)
    __ARM_fpclassify                         0x080037fb   Thumb Code    40  fpclassify.o(i.__ARM_fpclassify)
    _is_digit                                0x08003843   Thumb Code    14  __printf_wp.o(i._is_digit)
    main                                     0x08003909   Thumb Code   568  main.o(i.main)
    readKeypad                               0x08003bb1   Thumb Code   182  main.o(i.readKeypad)
    _get_lc_numeric                          0x08003c71   Thumb Code    44  lc_numeric_c.o(locale$$code)
    __aeabi_d2f                              0x08003c9d   Thumb Code     0  d2f.o(x$fpl$d2f)
    _d2f                                     0x08003c9d   Thumb Code    98  d2f.o(x$fpl$d2f)
    __aeabi_dadd                             0x08003d01   Thumb Code     0  daddsub_clz.o(x$fpl$dadd)
    _dadd                                    0x08003d01   Thumb Code   332  daddsub_clz.o(x$fpl$dadd)
    __aeabi_ddiv                             0x08003e51   Thumb Code     0  ddiv.o(x$fpl$ddiv)
    _ddiv                                    0x08003e51   Thumb Code   552  ddiv.o(x$fpl$ddiv)
    __aeabi_d2uiz                            0x08004101   Thumb Code     0  dfixu.o(x$fpl$dfixu)
    _dfixu                                   0x08004101   Thumb Code    90  dfixu.o(x$fpl$dfixu)
    __aeabi_i2d                              0x0800415b   Thumb Code     0  dflt_clz.o(x$fpl$dflt)
    _dflt                                    0x0800415b   Thumb Code    46  dflt_clz.o(x$fpl$dflt)
    __aeabi_dmul                             0x08004189   Thumb Code     0  dmul.o(x$fpl$dmul)
    _dmul                                    0x08004189   Thumb Code   332  dmul.o(x$fpl$dmul)
    __fpl_dnaninf                            0x080042dd   Thumb Code   156  dnaninf.o(x$fpl$dnaninf)
    __fpl_dretinf                            0x08004379   Thumb Code    12  dretinf.o(x$fpl$dretinf)
    __aeabi_dsub                             0x08004385   Thumb Code     0  daddsub_clz.o(x$fpl$dsub)
    _dsub                                    0x08004385   Thumb Code   464  daddsub_clz.o(x$fpl$dsub)
    __aeabi_f2d                              0x08004559   Thumb Code     0  f2d.o(x$fpl$f2d)
    _f2d                                     0x08004559   Thumb Code    86  f2d.o(x$fpl$f2d)
    __aeabi_fadd                             0x080045b1   Thumb Code     0  faddsub_clz.o(x$fpl$fadd)
    _fadd                                    0x080045b1   Thumb Code   196  faddsub_clz.o(x$fpl$fadd)
    __fpl_fcheck_NaN1                        0x08004675   Thumb Code     6  fcheck1.o(x$fpl$fcheck1)
    __fpl_fcmp_Inf                           0x08004681   Thumb Code    24  fcmpi.o(x$fpl$fcmpinf)
    __aeabi_f2iz                             0x08004699   Thumb Code     0  ffix.o(x$fpl$ffix)
    _ffix                                    0x08004699   Thumb Code    54  ffix.o(x$fpl$ffix)
    __aeabi_ui2f                             0x080046d1   Thumb Code     0  fflt_clz.o(x$fpl$ffltu)
    _ffltu                                   0x080046d1   Thumb Code    38  fflt_clz.o(x$fpl$ffltu)
    __aeabi_cfcmple                          0x080046f9   Thumb Code     0  fleqf.o(x$fpl$fleqf)
    _fcmple                                  0x080046f9   Thumb Code   104  fleqf.o(x$fpl$fleqf)
    __fpl_fcmple_InfNaN                      0x0800474b   Thumb Code     0  fleqf.o(x$fpl$fleqf)
    __fpl_fnaninf                            0x08004761   Thumb Code   140  fnaninf.o(x$fpl$fnaninf)
    __fpl_fretinf                            0x080047ed   Thumb Code    10  fretinf.o(x$fpl$fretinf)
    __aeabi_cfrcmple                         0x080047f7   Thumb Code     0  frleqf.o(x$fpl$frleqf)
    _frcmple                                 0x080047f7   Thumb Code    98  frleqf.o(x$fpl$frleqf)
    __aeabi_frsub                            0x08004859   Thumb Code     0  faddsub_clz.o(x$fpl$frsb)
    _frsb                                    0x08004859   Thumb Code    20  faddsub_clz.o(x$fpl$frsb)
    __aeabi_fsub                             0x0800486d   Thumb Code     0  faddsub_clz.o(x$fpl$fsub)
    _fsub                                    0x0800486d   Thumb Code   234  faddsub_clz.o(x$fpl$fsub)
    _printf_fp_dec                           0x08004957   Thumb Code     4  printf1.o(x$fpl$printf1)
    __fpl_return_NaN                         0x0800495b   Thumb Code   100  retnan.o(x$fpl$retnan)
    __ARM_scalbnf                            0x080049bf   Thumb Code    76  scalbnf.o(x$fpl$scalbnf)
    __fpl_cmpreturn                          0x08004a0b   Thumb Code    48  trapv.o(x$fpl$trapveneer)
    AHBPrescTable                            0x08004a3a   Data          16  system_stm32f1xx.o(.constdata)
    __I$use$fp                               0x08004a3a   Number         0  usenofp.o(x$fpl$usenofp)
    APBPrescTable                            0x08004a4a   Data           8  system_stm32f1xx.o(.constdata)
    Region$$Table$$Base                      0x08004af8   Number         0  anon$$obj.o(Region$$Table)
    Region$$Table$$Limit                     0x08004b18   Number         0  anon$$obj.o(Region$$Table)
    pins                                     0x20000000   Data           8  lcd_16x2.o(.data)
    ports                                    0x20000008   Data          16  lcd_16x2.o(.data)
    keyStatus                                0x20000018   Data           1  main.o(.data)
    loginStatus                              0x20000019   Data           1  main.o(.data)
    state                                    0x2000001a   Data           1  main.o(.data)
    Key                                      0x2000001b   Data           1  main.o(.data)
    Vrms                                     0x2000001c   Data           1  main.o(.data)
    Irms                                     0x2000001d   Data           1  main.o(.data)
    cosphi                                   0x2000001e   Data           1  main.o(.data)
    count20ms                                0x20000020   Data           2  main.o(.data)
    Vmax                                     0x20000024   Data           4  main.o(.data)
    Imax                                     0x20000028   Data           4  main.o(.data)
    Temp                                     0x2000002c   Data           4  main.o(.data)
    timeV                                    0x20000030   Data           4  main.o(.data)
    timeI                                    0x20000034   Data           4  main.o(.data)
    ADC_val                                  0x20000038   Data           6  main.o(.data)
    KEYMAP                                   0x2000003e   Data          16  main.o(.data)
    cosin                                    0x2000004e   Data         360  main.o(.data)
    uwTickFreq                               0x200001b8   Data           1  stm32f1xx_hal.o(.data)
    uwTickPrio                               0x200001bc   Data           4  stm32f1xx_hal.o(.data)
    uwTick                                   0x200001c0   Data           4  stm32f1xx_hal.o(.data)
    SystemCoreClock                          0x200001c4   Data           4  system_stm32f1xx.o(.data)
    Rx_data                                  0x200001c8   Data          10  main.o(.bss)
    Tx_data                                  0x200001d2   Data          20  main.o(.bss)
    KeyPad                                   0x200001e8   Data          84  main.o(.bss)
    code                                     0x2000023c   Data          20  main.o(.bss)
    password                                 0x20000250   Data          20  main.o(.bss)
    hadc1                                    0x20000264   Data          48  adc.o(.bss)
    hdma_adc1                                0x20000294   Data          68  adc.o(.bss)
    htim2                                    0x200002d8   Data          72  tim.o(.bss)
    huart3                                   0x20000320   Data          68  usart.o(.bss)
    __libspace_start                         0x20000364   Data          96  libspace.o(.bss)
    __temporary_stack_top$libspace           0x200003c4   Data           0  libspace.o(.bss)



==============================================================================

Memory Map of the image

  Image Entry point : 0x080000ed

  Load Region LR_IROM1 (Base: 0x08000000, Size: 0x00004cfc, Max: 0x00010000, ABSOLUTE, COMPRESSED[0x00004cb8])

    Execution Region ER_IROM1 (Exec base: 0x08000000, Load base: 0x08000000, Size: 0x00004b34, Max: 0x00010000, ABSOLUTE)

    Exec Addr    Load Addr    Size         Type   Attr      Idx    E Section Name        Object

    0x08000000   0x08000000   0x000000ec   Data   RO            3    RESET               startup_stm32f103xb.o
    0x080000ec   0x080000ec   0x00000008   Code   RO         3322  * !!!main             c_w.l(__main.o)
    0x080000f4   0x080000f4   0x00000034   Code   RO         3602    !!!scatter          c_w.l(__scatter.o)
    0x08000128   0x08000128   0x0000005a   Code   RO         3600    !!dczerorl2         c_w.l(__dczerorl2.o)
    0x08000182   0x08000182   0x00000002   PAD
    0x08000184   0x08000184   0x0000001c   Code   RO         3604    !!handler_zi        c_w.l(__scatter_zi.o)
    0x080001a0   0x080001a0   0x00000000   Code   RO         3311    .ARM.Collect$$_printf_percent$$00000000  c_w.l(_printf_percent.o)
    0x080001a0   0x080001a0   0x00000006   Code   RO         3310    .ARM.Collect$$_printf_percent$$00000003  c_w.l(_printf_f.o)
    0x080001a6   0x080001a6   0x00000006   Code   RO         3309    .ARM.Collect$$_printf_percent$$00000009  c_w.l(_printf_d.o)
    0x080001ac   0x080001ac   0x00000004   Code   RO         3381    .ARM.Collect$$_printf_percent$$00000017  c_w.l(_printf_percent_end.o)
    0x080001b0   0x080001b0   0x00000002   Code   RO         3471    .ARM.Collect$$libinit$$00000000  c_w.l(libinit.o)
    0x080001b2   0x080001b2   0x00000000   Code   RO         3473    .ARM.Collect$$libinit$$00000002  c_w.l(libinit2.o)
    0x080001b2   0x080001b2   0x00000000   Code   RO         3475    .ARM.Collect$$libinit$$00000004  c_w.l(libinit2.o)
    0x080001b2   0x080001b2   0x00000000   Code   RO         3478    .ARM.Collect$$libinit$$0000000A  c_w.l(libinit2.o)
    0x080001b2   0x080001b2   0x00000000   Code   RO         3480    .ARM.Collect$$libinit$$0000000C  c_w.l(libinit2.o)
    0x080001b2   0x080001b2   0x00000000   Code   RO         3482    .ARM.Collect$$libinit$$0000000E  c_w.l(libinit2.o)
    0x080001b2   0x080001b2   0x00000006   Code   RO         3483    .ARM.Collect$$libinit$$0000000F  c_w.l(libinit2.o)
    0x080001b8   0x080001b8   0x00000000   Code   RO         3485    .ARM.Collect$$libinit$$00000011  c_w.l(libinit2.o)
    0x080001b8   0x080001b8   0x00000000   Code   RO         3487    .ARM.Collect$$libinit$$00000013  c_w.l(libinit2.o)
    0x080001b8   0x080001b8   0x00000000   Code   RO         3489    .ARM.Collect$$libinit$$00000015  c_w.l(libinit2.o)
    0x080001b8   0x080001b8   0x0000000a   Code   RO         3490    .ARM.Collect$$libinit$$00000016  c_w.l(libinit2.o)
    0x080001c2   0x080001c2   0x00000000   Code   RO         3491    .ARM.Collect$$libinit$$00000017  c_w.l(libinit2.o)
    0x080001c2   0x080001c2   0x00000000   Code   RO         3493    .ARM.Collect$$libinit$$00000019  c_w.l(libinit2.o)
    0x080001c2   0x080001c2   0x00000000   Code   RO         3495    .ARM.Collect$$libinit$$0000001B  c_w.l(libinit2.o)
    0x080001c2   0x080001c2   0x00000000   Code   RO         3497    .ARM.Collect$$libinit$$0000001D  c_w.l(libinit2.o)
    0x080001c2   0x080001c2   0x00000000   Code   RO         3499    .ARM.Collect$$libinit$$0000001F  c_w.l(libinit2.o)
    0x080001c2   0x080001c2   0x00000000   Code   RO         3501    .ARM.Collect$$libinit$$00000021  c_w.l(libinit2.o)
    0x080001c2   0x080001c2   0x00000000   Code   RO         3503    .ARM.Collect$$libinit$$00000023  c_w.l(libinit2.o)
    0x080001c2   0x080001c2   0x00000000   Code   RO         3505    .ARM.Collect$$libinit$$00000025  c_w.l(libinit2.o)
    0x080001c2   0x080001c2   0x00000000   Code   RO         3509    .ARM.Collect$$libinit$$0000002C  c_w.l(libinit2.o)
    0x080001c2   0x080001c2   0x00000000   Code   RO         3511    .ARM.Collect$$libinit$$0000002E  c_w.l(libinit2.o)
    0x080001c2   0x080001c2   0x00000000   Code   RO         3513    .ARM.Collect$$libinit$$00000030  c_w.l(libinit2.o)
    0x080001c2   0x080001c2   0x00000000   Code   RO         3515    .ARM.Collect$$libinit$$00000032  c_w.l(libinit2.o)
    0x080001c2   0x080001c2   0x00000002   Code   RO         3516    .ARM.Collect$$libinit$$00000033  c_w.l(libinit2.o)
    0x080001c4   0x080001c4   0x00000002   Code   RO         3548    .ARM.Collect$$libshutdown$$00000000  c_w.l(libshutdown.o)
    0x080001c6   0x080001c6   0x00000000   Code   RO         3559    .ARM.Collect$$libshutdown$$00000002  c_w.l(libshutdown2.o)
    0x080001c6   0x080001c6   0x00000000   Code   RO         3561    .ARM.Collect$$libshutdown$$00000004  c_w.l(libshutdown2.o)
    0x080001c6   0x080001c6   0x00000000   Code   RO         3564    .ARM.Collect$$libshutdown$$00000007  c_w.l(libshutdown2.o)
    0x080001c6   0x080001c6   0x00000000   Code   RO         3567    .ARM.Collect$$libshutdown$$0000000A  c_w.l(libshutdown2.o)
    0x080001c6   0x080001c6   0x00000000   Code   RO         3569    .ARM.Collect$$libshutdown$$0000000C  c_w.l(libshutdown2.o)
    0x080001c6   0x080001c6   0x00000000   Code   RO         3572    .ARM.Collect$$libshutdown$$0000000F  c_w.l(libshutdown2.o)
    0x080001c6   0x080001c6   0x00000002   Code   RO         3573    .ARM.Collect$$libshutdown$$00000010  c_w.l(libshutdown2.o)
    0x080001c8   0x080001c8   0x00000000   Code   RO         3372    .ARM.Collect$$rtentry$$00000000  c_w.l(__rtentry.o)
    0x080001c8   0x080001c8   0x00000000   Code   RO         3396    .ARM.Collect$$rtentry$$00000002  c_w.l(__rtentry2.o)
    0x080001c8   0x080001c8   0x00000006   Code   RO         3408    .ARM.Collect$$rtentry$$00000004  c_w.l(__rtentry4.o)
    0x080001ce   0x080001ce   0x00000000   Code   RO         3398    .ARM.Collect$$rtentry$$00000009  c_w.l(__rtentry2.o)
    0x080001ce   0x080001ce   0x00000004   Code   RO         3399    .ARM.Collect$$rtentry$$0000000A  c_w.l(__rtentry2.o)
    0x080001d2   0x080001d2   0x00000000   Code   RO         3401    .ARM.Collect$$rtentry$$0000000C  c_w.l(__rtentry2.o)
    0x080001d2   0x080001d2   0x00000008   Code   RO         3402    .ARM.Collect$$rtentry$$0000000D  c_w.l(__rtentry2.o)
    0x080001da   0x080001da   0x00000002   Code   RO         3519    .ARM.Collect$$rtexit$$00000000  c_w.l(rtexit.o)
    0x080001dc   0x080001dc   0x00000000   Code   RO         3526    .ARM.Collect$$rtexit$$00000002  c_w.l(rtexit2.o)
    0x080001dc   0x080001dc   0x00000004   Code   RO         3527    .ARM.Collect$$rtexit$$00000003  c_w.l(rtexit2.o)
    0x080001e0   0x080001e0   0x00000006   Code   RO         3528    .ARM.Collect$$rtexit$$00000004  c_w.l(rtexit2.o)
    0x080001e6   0x080001e6   0x00000002   PAD
    0x080001e8   0x080001e8   0x00000040   Code   RO            4    .text               startup_stm32f103xb.o
    0x08000228   0x08000228   0x00000028   Code   RO         3283    .text               c_w.l(noretval__2sprintf.o)
    0x08000250   0x08000250   0x00000078   Code   RO         3287    .text               c_w.l(_printf_dec.o)
    0x080002c8   0x080002c8   0x00000138   Code   RO         3301    .text               c_w.l(__printf_flags_wp.o)
    0x08000400   0x08000400   0x00000048   Code   RO         3312    .text               c_w.l(strcpy.o)
    0x08000448   0x08000448   0x0000003e   Code   RO         3314    .text               c_w.l(strlen.o)
    0x08000486   0x08000486   0x00000018   Code   RO         3316    .text               c_w.l(strcat.o)
    0x0800049e   0x0800049e   0x0000004e   Code   RO         3318    .text               c_w.l(rt_memclr_w.o)
    0x080004ec   0x080004ec   0x00000006   Code   RO         3320    .text               c_w.l(heapauxi.o)
    0x080004f2   0x080004f2   0x000000b2   Code   RO         3373    .text               c_w.l(_printf_intcommon.o)
    0x080005a4   0x080005a4   0x0000041e   Code   RO         3375    .text               c_w.l(_printf_fp_dec.o)
    0x080009c2   0x080009c2   0x00000002   PAD
    0x080009c4   0x080009c4   0x00000030   Code   RO         3377    .text               c_w.l(_printf_char_common.o)
    0x080009f4   0x080009f4   0x0000000a   Code   RO         3379    .text               c_w.l(_sputc.o)
    0x080009fe   0x080009fe   0x00000002   PAD
    0x08000a00   0x08000a00   0x00000008   Code   RO         3413    .text               c_w.l(rt_locale_intlibspace.o)
    0x08000a08   0x08000a08   0x0000008a   Code   RO         3415    .text               c_w.l(lludiv10.o)
    0x08000a92   0x08000a92   0x00000002   PAD
    0x08000a94   0x08000a94   0x00000080   Code   RO         3417    .text               c_w.l(_printf_fp_infnan.o)
    0x08000b14   0x08000b14   0x000000e4   Code   RO         3421    .text               c_w.l(bigflt0.o)
    0x08000bf8   0x08000bf8   0x00000008   Code   RO         3457    .text               c_w.l(libspace.o)
    0x08000c00   0x08000c00   0x0000004a   Code   RO         3460    .text               c_w.l(sys_stackheap_outer.o)
    0x08000c4a   0x08000c4a   0x00000012   Code   RO         3462    .text               c_w.l(exit.o)
    0x08000c5c   0x08000c5c   0x00000080   Code   RO         3464    .text               c_w.l(strcmpv7m.o)
    0x08000cdc   0x08000cdc   0x0000000c   Code   RO         3538    .text               c_w.l(sys_exit.o)
    0x08000ce8   0x08000ce8   0x00000002   Code   RO         3549    .text               c_w.l(use_no_semi.o)
    0x08000cea   0x08000cea   0x00000000   Code   RO         3551    .text               c_w.l(indicate_semi.o)
    0x08000cea   0x08000cea   0x0000003e   Code   RO         3424    CL$$btod_d2e        c_w.l(btod.o)
    0x08000d28   0x08000d28   0x00000046   Code   RO         3426    CL$$btod_d2e_denorm_low  c_w.l(btod.o)
    0x08000d6e   0x08000d6e   0x00000060   Code   RO         3425    CL$$btod_d2e_norm_op1  c_w.l(btod.o)
    0x08000dce   0x08000dce   0x00000338   Code   RO         3434    CL$$btod_div_common  c_w.l(btod.o)
    0x08001106   0x08001106   0x000000dc   Code   RO         3431    CL$$btod_e2e        c_w.l(btod.o)
    0x080011e2   0x080011e2   0x0000002a   Code   RO         3428    CL$$btod_ediv       c_w.l(btod.o)
    0x0800120c   0x0800120c   0x0000002a   Code   RO         3427    CL$$btod_emul       c_w.l(btod.o)
    0x08001236   0x08001236   0x00000244   Code   RO         3433    CL$$btod_mult_common  c_w.l(btod.o)
    0x0800147a   0x0800147a   0x00000002   PAD
    0x0800147c   0x0800147c   0x00000056   Code   RO          661    i.ADC_ConversionStop_Disable  stm32f1xx_hal_adc.o
    0x080014d2   0x080014d2   0x0000004e   Code   RO          662    i.ADC_DMAConvCplt   stm32f1xx_hal_adc.o
    0x08001520   0x08001520   0x0000001a   Code   RO          663    i.ADC_DMAError      stm32f1xx_hal_adc.o
    0x0800153a   0x0800153a   0x0000000a   Code   RO          664    i.ADC_DMAHalfConvCplt  stm32f1xx_hal_adc.o
    0x08001544   0x08001544   0x0000007c   Code   RO          665    i.ADC_Enable        stm32f1xx_hal_adc.o
    0x080015c0   0x080015c0   0x00000002   Code   RO          507    i.BusFault_Handler  stm32f1xx_it.o
    0x080015c2   0x080015c2   0x00000002   PAD
    0x080015c4   0x080015c4   0x00000058   Code   RO          241    i.Calcosphi         main.o
    0x0800161c   0x0800161c   0x0000000c   Code   RO          508    i.DMA1_Channel1_IRQHandler  stm32f1xx_it.o
    0x08001628   0x08001628   0x0000002a   Code   RO         1315    i.DMA_SetConfig     stm32f1xx_hal_dma.o
    0x08001652   0x08001652   0x00000002   Code   RO          509    i.DebugMon_Handler  stm32f1xx_it.o
    0x08001654   0x08001654   0x00000004   Code   RO          242    i.Error_Handler     main.o
    0x08001658   0x08001658   0x000000fc   Code   RO          667    i.HAL_ADC_ConfigChannel  stm32f1xx_hal_adc.o
    0x08001754   0x08001754   0x00000002   Code   RO          668    i.HAL_ADC_ConvCpltCallback  stm32f1xx_hal_adc.o
    0x08001756   0x08001756   0x00000002   Code   RO          669    i.HAL_ADC_ConvHalfCpltCallback  stm32f1xx_hal_adc.o
    0x08001758   0x08001758   0x00000002   Code   RO          671    i.HAL_ADC_ErrorCallback  stm32f1xx_hal_adc.o
    0x0800175a   0x0800175a   0x00000002   PAD
    0x0800175c   0x0800175c   0x0000011c   Code   RO          676    i.HAL_ADC_Init      stm32f1xx_hal_adc.o
    0x08001878   0x08001878   0x00000090   Code   RO          358    i.HAL_ADC_MspInit   adc.o
    0x08001908   0x08001908   0x0000010c   Code   RO          683    i.HAL_ADC_Start_DMA  stm32f1xx_hal_adc.o
    0x08001a14   0x08001a14   0x00000046   Code   RO         1316    i.HAL_DMA_Abort     stm32f1xx_hal_dma.o
    0x08001a5a   0x08001a5a   0x00000002   PAD
    0x08001a5c   0x08001a5c   0x00000098   Code   RO         1317    i.HAL_DMA_Abort_IT  stm32f1xx_hal_dma.o
    0x08001af4   0x08001af4   0x00000154   Code   RO         1321    i.HAL_DMA_IRQHandler  stm32f1xx_hal_dma.o
    0x08001c48   0x08001c48   0x0000005c   Code   RO         1322    i.HAL_DMA_Init      stm32f1xx_hal_dma.o
    0x08001ca4   0x08001ca4   0x00000070   Code   RO         1326    i.HAL_DMA_Start_IT  stm32f1xx_hal_dma.o
    0x08001d14   0x08001d14   0x00000024   Code   RO          944    i.HAL_Delay         stm32f1xx_hal.o
    0x08001d38   0x08001d38   0x000001e0   Code   RO         1252    i.HAL_GPIO_Init     stm32f1xx_hal_gpio.o
    0x08001f18   0x08001f18   0x0000000a   Code   RO         1254    i.HAL_GPIO_ReadPin  stm32f1xx_hal_gpio.o
    0x08001f22   0x08001f22   0x00000010   Code   RO         1255    i.HAL_GPIO_TogglePin  stm32f1xx_hal_gpio.o
    0x08001f32   0x08001f32   0x0000000a   Code   RO         1256    i.HAL_GPIO_WritePin  stm32f1xx_hal_gpio.o
    0x08001f3c   0x08001f3c   0x0000000c   Code   RO          948    i.HAL_GetTick       stm32f1xx_hal.o
    0x08001f48   0x08001f48   0x00000010   Code   RO          954    i.HAL_IncTick       stm32f1xx_hal.o
    0x08001f58   0x08001f58   0x00000024   Code   RO          955    i.HAL_Init          stm32f1xx_hal.o
    0x08001f7c   0x08001f7c   0x00000040   Code   RO          956    i.HAL_InitTick      stm32f1xx_hal.o
    0x08001fbc   0x08001fbc   0x0000003c   Code   RO          601    i.HAL_MspInit       stm32f1xx_hal_msp.o
    0x08001ff8   0x08001ff8   0x0000001a   Code   RO         1412    i.HAL_NVIC_EnableIRQ  stm32f1xx_hal_cortex.o
    0x08002012   0x08002012   0x00000002   PAD
    0x08002014   0x08002014   0x00000040   Code   RO         1418    i.HAL_NVIC_SetPriority  stm32f1xx_hal_cortex.o
    0x08002054   0x08002054   0x00000024   Code   RO         1419    i.HAL_NVIC_SetPriorityGrouping  stm32f1xx_hal_cortex.o
    0x08002078   0x08002078   0x000000ec   Code   RO         1215    i.HAL_RCCEx_PeriphCLKConfig  stm32f1xx_hal_rcc_ex.o
    0x08002164   0x08002164   0x0000012c   Code   RO         1112    i.HAL_RCC_ClockConfig  stm32f1xx_hal_rcc.o
    0x08002290   0x08002290   0x00000020   Code   RO         1119    i.HAL_RCC_GetPCLK1Freq  stm32f1xx_hal_rcc.o
    0x080022b0   0x080022b0   0x00000020   Code   RO         1120    i.HAL_RCC_GetPCLK2Freq  stm32f1xx_hal_rcc.o
    0x080022d0   0x080022d0   0x0000006c   Code   RO         1121    i.HAL_RCC_GetSysClockFreq  stm32f1xx_hal_rcc.o
    0x0800233c   0x0800233c   0x00000320   Code   RO         1124    i.HAL_RCC_OscConfig  stm32f1xx_hal_rcc.o
    0x0800265c   0x0800265c   0x00000028   Code   RO         1423    i.HAL_SYSTICK_Config  stm32f1xx_hal_cortex.o
    0x08002684   0x08002684   0x00000002   Code   RO         2618    i.HAL_TIMEx_BreakCallback  stm32f1xx_hal_tim_ex.o
    0x08002686   0x08002686   0x00000002   Code   RO         2619    i.HAL_TIMEx_CommutCallback  stm32f1xx_hal_tim_ex.o
    0x08002688   0x08002688   0x00000068   Code   RO         2637    i.HAL_TIMEx_MasterConfigSynchronization  stm32f1xx_hal_tim_ex.o
    0x080026f0   0x080026f0   0x0000005a   Code   RO         1914    i.HAL_TIM_Base_Init  stm32f1xx_hal_tim.o
    0x0800274a   0x0800274a   0x00000002   PAD
    0x0800274c   0x0800274c   0x00000038   Code   RO          424    i.HAL_TIM_Base_MspInit  tim.o
    0x08002784   0x08002784   0x00000058   Code   RO         1919    i.HAL_TIM_Base_Start_IT  stm32f1xx_hal_tim.o
    0x080027dc   0x080027dc   0x000000d6   Code   RO         1923    i.HAL_TIM_ConfigClockSource  stm32f1xx_hal_tim.o
    0x080028b2   0x080028b2   0x00000002   Code   RO         1948    i.HAL_TIM_IC_CaptureCallback  stm32f1xx_hal_tim.o
    0x080028b4   0x080028b4   0x00000166   Code   RO         1962    i.HAL_TIM_IRQHandler  stm32f1xx_hal_tim.o
    0x08002a1a   0x08002a1a   0x00000002   Code   RO         1965    i.HAL_TIM_OC_DelayElapsedCallback  stm32f1xx_hal_tim.o
    0x08002a1c   0x08002a1c   0x00000002   Code   RO         1992    i.HAL_TIM_PWM_PulseFinishedCallback  stm32f1xx_hal_tim.o
    0x08002a1e   0x08002a1e   0x00000002   PAD
    0x08002a20   0x08002a20   0x00000074   Code   RO          243    i.HAL_TIM_PeriodElapsedCallback  main.o
    0x08002a94   0x08002a94   0x00000002   Code   RO         2005    i.HAL_TIM_TriggerCallback  stm32f1xx_hal_tim.o
    0x08002a96   0x08002a96   0x00000002   Code   RO         2896    i.HAL_UARTEx_RxEventCallback  stm32f1xx_hal_uart.o
    0x08002a98   0x08002a98   0x00000002   Code   RO         2910    i.HAL_UART_ErrorCallback  stm32f1xx_hal_uart.o
    0x08002a9a   0x08002a9a   0x00000002   PAD
    0x08002a9c   0x08002a9c   0x0000020c   Code   RO         2913    i.HAL_UART_IRQHandler  stm32f1xx_hal_uart.o
    0x08002ca8   0x08002ca8   0x00000062   Code   RO         2914    i.HAL_UART_Init     stm32f1xx_hal_uart.o
    0x08002d0a   0x08002d0a   0x00000002   PAD
    0x08002d0c   0x08002d0c   0x00000080   Code   RO          466    i.HAL_UART_MspInit  usart.o
    0x08002d8c   0x08002d8c   0x0000002a   Code   RO         2919    i.HAL_UART_Receive_IT  stm32f1xx_hal_uart.o
    0x08002db6   0x08002db6   0x00000002   PAD
    0x08002db8   0x08002db8   0x00000058   Code   RO          244    i.HAL_UART_RxCpltCallback  main.o
    0x08002e10   0x08002e10   0x000000b2   Code   RO         2922    i.HAL_UART_Transmit  stm32f1xx_hal_uart.o
    0x08002ec2   0x08002ec2   0x00000002   Code   RO         2925    i.HAL_UART_TxCpltCallback  stm32f1xx_hal_uart.o
    0x08002ec4   0x08002ec4   0x00000002   Code   RO          510    i.HardFault_Handler  stm32f1xx_it.o
    0x08002ec6   0x08002ec6   0x00000002   PAD
    0x08002ec8   0x08002ec8   0x0000009c   Code   RO          202    i.KEYPAD4X4_Init    keypad.o
    0x08002f64   0x08002f64   0x0000007c   Code   RO          203    i.KEYPAD4X4_Readkey  keypad.o
    0x08002fe0   0x08002fe0   0x0000002e   Code   RO           13    i.Lcd_Init          lcd_16x2.o
    0x0800300e   0x0800300e   0x00000006   Code   RO           14    i.Lcd_clear_display  lcd_16x2.o
    0x08003014   0x08003014   0x000000e0   Code   RO           16    i.Lcd_configure     lcd_16x2.o
    0x080030f4   0x080030f4   0x00000016   Code   RO           18    i.Lcd_gotoxy        lcd_16x2.o
    0x0800310a   0x0800310a   0x00000002   PAD
    0x0800310c   0x0800310c   0x000000e0   Code   RO          245    i.Lcd_test          main.o
    0x080031ec   0x080031ec   0x00000018   Code   RO           20    i.Lcd_write_int     lcd_16x2.o
    0x08003204   0x08003204   0x0000001e   Code   RO           21    i.Lcd_write_string  lcd_16x2.o
    0x08003222   0x08003222   0x00000002   PAD
    0x08003224   0x08003224   0x00000078   Code   RO          359    i.MX_ADC1_Init      adc.o
    0x0800329c   0x0800329c   0x0000002c   Code   RO          399    i.MX_DMA_Init       dma.o
    0x080032c8   0x080032c8   0x000000e0   Code   RO          333    i.MX_GPIO_Init      gpio.o
    0x080033a8   0x080033a8   0x00000064   Code   RO          425    i.MX_TIM2_Init      tim.o
    0x0800340c   0x0800340c   0x00000038   Code   RO          467    i.MX_USART3_UART_Init  usart.o
    0x08003444   0x08003444   0x00000002   Code   RO          511    i.MemManage_Handler  stm32f1xx_it.o
    0x08003446   0x08003446   0x00000002   Code   RO          512    i.NMI_Handler       stm32f1xx_it.o
    0x08003448   0x08003448   0x00000002   Code   RO          513    i.PendSV_Handler    stm32f1xx_it.o
    0x0800344a   0x0800344a   0x00000002   Code   RO          514    i.SVC_Handler       stm32f1xx_it.o
    0x0800344c   0x0800344c   0x00000004   Code   RO          515    i.SysTick_Handler   stm32f1xx_it.o
    0x08003450   0x08003450   0x0000006e   Code   RO          246    i.SystemClock_Config  main.o
    0x080034be   0x080034be   0x00000002   Code   RO         3243    i.SystemInit        system_stm32f1xx.o
    0x080034c0   0x080034c0   0x0000000c   Code   RO          516    i.TIM2_IRQHandler   stm32f1xx_it.o
    0x080034cc   0x080034cc   0x0000006c   Code   RO         2007    i.TIM_Base_SetConfig  stm32f1xx_hal_tim.o
    0x08003538   0x08003538   0x00000014   Code   RO         2018    i.TIM_ETR_SetConfig  stm32f1xx_hal_tim.o
    0x0800354c   0x0800354c   0x00000010   Code   RO         2019    i.TIM_ITRx_SetConfig  stm32f1xx_hal_tim.o
    0x0800355c   0x0800355c   0x00000022   Code   RO         2025    i.TIM_TI1_ConfigInputStage  stm32f1xx_hal_tim.o
    0x0800357e   0x0800357e   0x00000024   Code   RO         2027    i.TIM_TI2_ConfigInputStage  stm32f1xx_hal_tim.o
    0x080035a2   0x080035a2   0x00000010   Code   RO         2927    i.UART_DMAAbortOnError  stm32f1xx_hal_uart.o
    0x080035b2   0x080035b2   0x00000030   Code   RO         2937    i.UART_EndRxTransfer  stm32f1xx_hal_uart.o
    0x080035e2   0x080035e2   0x000000b6   Code   RO         2939    i.UART_Receive_IT   stm32f1xx_hal_uart.o
    0x08003698   0x08003698   0x000000b8   Code   RO         2940    i.UART_SetConfig    stm32f1xx_hal_uart.o
    0x08003750   0x08003750   0x00000036   Code   RO         2942    i.UART_Start_Receive_IT  stm32f1xx_hal_uart.o
    0x08003786   0x08003786   0x00000064   Code   RO         2943    i.UART_WaitOnFlagUntilTimeout  stm32f1xx_hal_uart.o
    0x080037ea   0x080037ea   0x00000002   PAD
    0x080037ec   0x080037ec   0x0000000c   Code   RO          517    i.USART3_IRQHandler  stm32f1xx_it.o
    0x080037f8   0x080037f8   0x00000002   Code   RO          518    i.UsageFault_Handler  stm32f1xx_it.o
    0x080037fa   0x080037fa   0x00000028   Code   RO         3455    i.__ARM_fpclassify  m_ws.l(fpclassify.o)
    0x08003822   0x08003822   0x00000020   Code   RO         1425    i.__NVIC_SetPriority  stm32f1xx_hal_cortex.o
    0x08003842   0x08003842   0x0000000e   Code   RO         3299    i._is_digit         c_w.l(__printf_wp.o)
    0x08003850   0x08003850   0x00000064   Code   RO           22    i.lcd_write         lcd_16x2.o
    0x080038b4   0x080038b4   0x0000002c   Code   RO           23    i.lcd_write_command  lcd_16x2.o
    0x080038e0   0x080038e0   0x00000028   Code   RO           24    i.lcd_write_data    lcd_16x2.o
    0x08003908   0x08003908   0x000002a8   Code   RO          247    i.main              main.o
    0x08003bb0   0x08003bb0   0x000000c0   Code   RO          248    i.readKeypad        main.o
    0x08003c70   0x08003c70   0x0000002c   Code   RO         3447    locale$$code        c_w.l(lc_numeric_c.o)
    0x08003c9c   0x08003c9c   0x00000062   Code   RO         3324    x$fpl$d2f           fz_ws.l(d2f.o)
    0x08003cfe   0x08003cfe   0x00000002   PAD
    0x08003d00   0x08003d00   0x00000150   Code   RO         3326    x$fpl$dadd          fz_ws.l(daddsub_clz.o)
    0x08003e50   0x08003e50   0x000002b0   Code   RO         3333    x$fpl$ddiv          fz_ws.l(ddiv.o)
    0x08004100   0x08004100   0x0000005a   Code   RO         3336    x$fpl$dfixu         fz_ws.l(dfixu.o)
    0x0800415a   0x0800415a   0x0000002e   Code   RO         3341    x$fpl$dflt          fz_ws.l(dflt_clz.o)
    0x08004188   0x08004188   0x00000154   Code   RO         3346    x$fpl$dmul          fz_ws.l(dmul.o)
    0x080042dc   0x080042dc   0x0000009c   Code   RO         3382    x$fpl$dnaninf       fz_ws.l(dnaninf.o)
    0x08004378   0x08004378   0x0000000c   Code   RO         3384    x$fpl$dretinf       fz_ws.l(dretinf.o)
    0x08004384   0x08004384   0x000001d4   Code   RO         3328    x$fpl$dsub          fz_ws.l(daddsub_clz.o)
    0x08004558   0x08004558   0x00000056   Code   RO         3348    x$fpl$f2d           fz_ws.l(f2d.o)
    0x080045ae   0x080045ae   0x00000002   PAD
    0x080045b0   0x080045b0   0x000000c4   Code   RO         3350    x$fpl$fadd          fz_ws.l(faddsub_clz.o)
    0x08004674   0x08004674   0x0000000c   Code   RO         3386    x$fpl$fcheck1       fz_ws.l(fcheck1.o)
    0x08004680   0x08004680   0x00000018   Code   RO         3449    x$fpl$fcmpinf       fz_ws.l(fcmpi.o)
    0x08004698   0x08004698   0x00000036   Code   RO         3356    x$fpl$ffix          fz_ws.l(ffix.o)
    0x080046ce   0x080046ce   0x00000002   PAD
    0x080046d0   0x080046d0   0x00000026   Code   RO         3360    x$fpl$ffltu         fz_ws.l(fflt_clz.o)
    0x080046f6   0x080046f6   0x00000002   PAD
    0x080046f8   0x080046f8   0x00000068   Code   RO         3388    x$fpl$fleqf         fz_ws.l(fleqf.o)
    0x08004760   0x08004760   0x0000008c   Code   RO         3390    x$fpl$fnaninf       fz_ws.l(fnaninf.o)
    0x080047ec   0x080047ec   0x0000000a   Code   RO         3392    x$fpl$fretinf       fz_ws.l(fretinf.o)
    0x080047f6   0x080047f6   0x00000062   Code   RO         3366    x$fpl$frleqf        fz_ws.l(frleqf.o)
    0x08004858   0x08004858   0x00000014   Code   RO         3351    x$fpl$frsb          fz_ws.l(faddsub_clz.o)
    0x0800486c   0x0800486c   0x000000ea   Code   RO         3352    x$fpl$fsub          fz_ws.l(faddsub_clz.o)
    0x08004956   0x08004956   0x00000004   Code   RO         3368    x$fpl$printf1       fz_ws.l(printf1.o)
    0x0800495a   0x0800495a   0x00000064   Code   RO         3453    x$fpl$retnan        fz_ws.l(retnan.o)
    0x080049be   0x080049be   0x0000004c   Code   RO         3370    x$fpl$scalbnf       fz_ws.l(scalbnf.o)
    0x08004a0a   0x08004a0a   0x00000030   Code   RO         3517    x$fpl$trapveneer    fz_ws.l(trapv.o)
    0x08004a3a   0x08004a3a   0x00000000   Code   RO         3394    x$fpl$usenofp       fz_ws.l(usenofp.o)
    0x08004a3a   0x08004a3a   0x00000010   Data   RO         3244    .constdata          system_stm32f1xx.o
    0x08004a4a   0x08004a4a   0x00000008   Data   RO         3245    .constdata          system_stm32f1xx.o
    0x08004a52   0x08004a52   0x00000011   Data   RO         3302    .constdata          c_w.l(__printf_flags_wp.o)
    0x08004a63   0x08004a63   0x00000001   PAD
    0x08004a64   0x08004a64   0x00000094   Data   RO         3422    .constdata          c_w.l(bigflt0.o)
    0x08004af8   0x08004af8   0x00000020   Data   RO         3598    Region$$Table       anon$$obj.o
    0x08004b18   0x08004b18   0x0000001c   Data   RO         3446    locale$$data        c_w.l(lc_numeric_c.o)


    Execution Region RW_IRAM1 (Exec base: 0x20000000, Load base: 0x08004b34, Size: 0x000009c8, Max: 0x00005000, ABSOLUTE, COMPRESSED[0x00000184])

    Exec Addr    Load Addr    Size         Type   Attr      Idx    E Section Name        Object

    0x20000000   COMPRESSED   0x00000018   Data   RW           25    .data               lcd_16x2.o
    0x20000018   COMPRESSED   0x0000019e   Data   RW          250    .data               main.o
    0x200001b6   COMPRESSED   0x00000002   PAD
    0x200001b8   COMPRESSED   0x0000000c   Data   RW          962    .data               stm32f1xx_hal.o
    0x200001c4   COMPRESSED   0x00000004   Data   RW         3246    .data               system_stm32f1xx.o
    0x200001c8        -       0x0000009c   Zero   RW          249    .bss                main.o
    0x20000264        -       0x00000074   Zero   RW          360    .bss                adc.o
    0x200002d8        -       0x00000048   Zero   RW          426    .bss                tim.o
    0x20000320        -       0x00000044   Zero   RW          468    .bss                usart.o
    0x20000364        -       0x00000060   Zero   RW         3458    .bss                c_w.l(libspace.o)
    0x200003c4   COMPRESSED   0x00000004   PAD
    0x200003c8        -       0x00000200   Zero   RW            2    HEAP                startup_stm32f103xb.o
    0x200005c8        -       0x00000400   Zero   RW            1    STACK               startup_stm32f103xb.o


==============================================================================

Image component sizes


      Code (inc. data)   RO Data    RW Data    ZI Data      Debug   Object Name

       264         30          0          0        116       1691   adc.o
        44          4          0          0          0        710   dma.o
       224         16          0          0          0        939   gpio.o
       280          0          0          0          0       2493   keypad.o
       536         36          0         24          0     444998   lcd_16x2.o
      1502        214          0        414        156       5982   main.o
        64         26        236          0       1536        788   startup_stm32f103xb.o
       164         28          0         12          0       5709   stm32f1xx_hal.o
      1134         56          0          0          0       8234   stm32f1xx_hal_adc.o
       198         14          0          0          0      28791   stm32f1xx_hal_cortex.o
       808         36          0          0          0       4818   stm32f1xx_hal_dma.o
       516         34          0          0          0       4012   stm32f1xx_hal_gpio.o
        60          8          0          0          0        822   stm32f1xx_hal_msp.o
      1272        100          0          0          0       5044   stm32f1xx_hal_rcc.o
       236         12          0          0          0       1332   stm32f1xx_hal_rcc_ex.o
       972         26          0          0          0       9321   stm32f1xx_hal_tim.o
       108         12          0          0          0       2273   stm32f1xx_hal_tim_ex.o
      1432         10          0          0          0      10188   stm32f1xx_hal_uart.o
        56         18          0          0          0       4891   stm32f1xx_it.o
         2          0         24          4          0       1047   system_stm32f1xx.o
       156         12          0          0         72       1566   tim.o
       184         20          0          0         68       1590   usart.o

    ----------------------------------------------------------------------
     10238        712        292        456       1948     547239   Object Totals
         0          0         32          0          0          0   (incl. Generated)
        26          0          0          2          0          0   (incl. Padding)

    ----------------------------------------------------------------------

      Code (inc. data)   RO Data    RW Data    ZI Data      Debug   Library Member Name

        90          0          0          0          0          0   __dczerorl2.o
         8          0          0          0          0         68   __main.o
       312          4         17          0          0         92   __printf_flags_wp.o
        14          0          0          0          0         68   __printf_wp.o
         0          0          0          0          0          0   __rtentry.o
        12          0          0          0          0          0   __rtentry2.o
         6          0          0          0          0          0   __rtentry4.o
        52          8          0          0          0          0   __scatter.o
        28          0          0          0          0          0   __scatter_zi.o
        48          6          0          0          0         96   _printf_char_common.o
         6          0          0          0          0          0   _printf_d.o
       120         16          0          0          0         92   _printf_dec.o
         6          0          0          0          0          0   _printf_f.o
      1054          0          0          0          0        216   _printf_fp_dec.o
       128         16          0          0          0         84   _printf_fp_infnan.o
       178          0          0          0          0         88   _printf_intcommon.o
         0          0          0          0          0          0   _printf_percent.o
         4          0          0          0          0          0   _printf_percent_end.o
        10          0          0          0          0         68   _sputc.o
       228          4        148          0          0         96   bigflt0.o
      1936        128          0          0          0        672   btod.o
        18          0          0          0          0         80   exit.o
         6          0          0          0          0        152   heapauxi.o
         0          0          0          0          0          0   indicate_semi.o
        44         10         28          0          0         76   lc_numeric_c.o
         2          0          0          0          0          0   libinit.o
        18          0          0          0          0          0   libinit2.o
         2          0          0          0          0          0   libshutdown.o
         2          0          0          0          0          0   libshutdown2.o
         8          4          0          0         96         68   libspace.o
       138          0          0          0          0         80   lludiv10.o
        40          6          0          0          0         84   noretval__2sprintf.o
         8          4          0          0          0         68   rt_locale_intlibspace.o
        78          0          0          0          0         80   rt_memclr_w.o
         2          0          0          0          0          0   rtexit.o
        10          0          0          0          0          0   rtexit2.o
        24          0          0          0          0         68   strcat.o
       128          0          0          0          0         68   strcmpv7m.o
        72          0          0          0          0         80   strcpy.o
        62          0          0          0          0         76   strlen.o
        12          4          0          0          0         68   sys_exit.o
        74          0          0          0          0         80   sys_stackheap_outer.o
         2          0          0          0          0         68   use_no_semi.o
        98          4          0          0          0         92   d2f.o
       804         16          0          0          0        272   daddsub_clz.o
       688        140          0          0          0        208   ddiv.o
        90          4          0          0          0         92   dfixu.o
        46          0          0          0          0         68   dflt_clz.o
       340         12          0          0          0        104   dmul.o
       156          4          0          0          0         92   dnaninf.o
        12          0          0          0          0         68   dretinf.o
        86          4          0          0          0         84   f2d.o
       450          8          0          0          0        236   faddsub_clz.o
        12          4          0          0          0         68   fcheck1.o
        24          0          0          0          0         68   fcmpi.o
        54          4          0          0          0         84   ffix.o
        38          0          0          0          0         68   fflt_clz.o
       104          4          0          0          0         84   fleqf.o
       140          4          0          0          0         84   fnaninf.o
        10          0          0          0          0         68   fretinf.o
        98          0          0          0          0         68   frleqf.o
         4          0          0          0          0         68   printf1.o
       100          0          0          0          0         68   retnan.o
        76          0          0          0          0         68   scalbnf.o
        48          0          0          0          0         68   trapv.o
         0          0          0          0          0          0   usenofp.o
        40          0          0          0          0         68   fpclassify.o

    ----------------------------------------------------------------------
      8528        418        194          0        100       5084   Library Totals
        20          0          1          0          4          0   (incl. Padding)

    ----------------------------------------------------------------------

      Code (inc. data)   RO Data    RW Data    ZI Data      Debug   Library Name

      4990        210        193          0         96       2836   c_w.l
      3478        208          0          0          0       2180   fz_ws.l
        40          0          0          0          0         68   m_ws.l

    ----------------------------------------------------------------------
      8528        418        194          0        100       5084   Library Totals

    ----------------------------------------------------------------------

==============================================================================


      Code (inc. data)   RO Data    RW Data    ZI Data      Debug   

     18766       1130        486        456       2048     544103   Grand Totals
     18766       1130        486        388       2048     544103   ELF Image Totals (compressed)
     18766       1130        486        388          0          0   ROM Totals

==============================================================================

    Total RO  Size (Code + RO Data)                19252 (  18.80kB)
    Total RW  Size (RW Data + ZI Data)              2504 (   2.45kB)
    Total ROM Size (Code + RO Data + RW Data)      19640 (  19.18kB)

==============================================================================

